Archive member included to satisfy reference by file (symbol)

/Users/eduardomunoz/Library/CloudStorage/OneDrive-CalPoly/college/Spring 2023/RTOS/5_FFT_DMA/Drivers/CMSIS/Lib/GCC/libarm_cortexM4lf_math.a(arm_max_q15.o)
                              ./Core/Src/main.o (arm_max_q15)
/Users/eduardomunoz/Library/CloudStorage/OneDrive-CalPoly/college/Spring 2023/RTOS/5_FFT_DMA/Drivers/CMSIS/Lib/GCC/libarm_cortexM4lf_math.a(arm_rfft_q15.o)
                              ./Core/Src/main.o (arm_rfft_q15)
/Users/eduardomunoz/Library/CloudStorage/OneDrive-CalPoly/college/Spring 2023/RTOS/5_FFT_DMA/Drivers/CMSIS/Lib/GCC/libarm_cortexM4lf_math.a(arm_rfft_init_q15.o)
                              ./Core/Src/main.o (arm_rfft_init_q15)
/Users/eduardomunoz/Library/CloudStorage/OneDrive-CalPoly/college/Spring 2023/RTOS/5_FFT_DMA/Drivers/CMSIS/Lib/GCC/libarm_cortexM4lf_math.a(arm_const_structs.o)
                              /Users/eduardomunoz/Library/CloudStorage/OneDrive-CalPoly/college/Spring 2023/RTOS/5_FFT_DMA/Drivers/CMSIS/Lib/GCC/libarm_cortexM4lf_math.a(arm_rfft_init_q15.o) (arm_cfft_sR_q15_len4096)
/Users/eduardomunoz/Library/CloudStorage/OneDrive-CalPoly/college/Spring 2023/RTOS/5_FFT_DMA/Drivers/CMSIS/Lib/GCC/libarm_cortexM4lf_math.a(arm_common_tables.o)
                              /Users/eduardomunoz/Library/CloudStorage/OneDrive-CalPoly/college/Spring 2023/RTOS/5_FFT_DMA/Drivers/CMSIS/Lib/GCC/libarm_cortexM4lf_math.a(arm_rfft_init_q15.o) (realCoefBQ15)
/Users/eduardomunoz/Library/CloudStorage/OneDrive-CalPoly/college/Spring 2023/RTOS/5_FFT_DMA/Drivers/CMSIS/Lib/GCC/libarm_cortexM4lf_math.a(arm_cfft_q15.o)
                              /Users/eduardomunoz/Library/CloudStorage/OneDrive-CalPoly/college/Spring 2023/RTOS/5_FFT_DMA/Drivers/CMSIS/Lib/GCC/libarm_cortexM4lf_math.a(arm_rfft_q15.o) (arm_cfft_q15)
/Users/eduardomunoz/Library/CloudStorage/OneDrive-CalPoly/college/Spring 2023/RTOS/5_FFT_DMA/Drivers/CMSIS/Lib/GCC/libarm_cortexM4lf_math.a(arm_cfft_radix4_q15.o)
                              /Users/eduardomunoz/Library/CloudStorage/OneDrive-CalPoly/college/Spring 2023/RTOS/5_FFT_DMA/Drivers/CMSIS/Lib/GCC/libarm_cortexM4lf_math.a(arm_cfft_q15.o) (arm_radix4_butterfly_q15)
/Users/eduardomunoz/Library/CloudStorage/OneDrive-CalPoly/college/Spring 2023/RTOS/5_FFT_DMA/Drivers/CMSIS/Lib/GCC/libarm_cortexM4lf_math.a(arm_bitreversal2.o)
                              /Users/eduardomunoz/Library/CloudStorage/OneDrive-CalPoly/college/Spring 2023/RTOS/5_FFT_DMA/Drivers/CMSIS/Lib/GCC/libarm_cortexM4lf_math.a(arm_cfft_q15.o) (arm_bitreversal_16)
/Users/eduardomunoz/Library/CloudStorage/OneDrive-CalPoly/college/Spring 2023/RTOS/5_FFT_DMA/Drivers/CMSIS/Lib/GCC/libarm_cortexM4lf_math.a(arm_bitreversal.o)
                              /Users/eduardomunoz/Library/CloudStorage/OneDrive-CalPoly/college/Spring 2023/RTOS/5_FFT_DMA/Drivers/CMSIS/Lib/GCC/libarm_cortexM4lf_math.a(arm_cfft_radix4_q15.o) (arm_bitreversal_q15)
/Applications/STM32CubeIDE.app/Contents/Eclipse/plugins/com.st.stm32cube.ide.mcu.externaltools.gnu-tools-for-stm32.9-2020-q2-update.macos64_2.0.0.202105311346/tools/bin/../lib/gcc/arm-none-eabi/9.3.1/../../../../arm-none-eabi/lib/thumb/v7e-m+fp/hard/libc_nano.a(lib_a-errno.o)
                              ./Core/Src/syscalls.o (__errno)
/Applications/STM32CubeIDE.app/Contents/Eclipse/plugins/com.st.stm32cube.ide.mcu.externaltools.gnu-tools-for-stm32.9-2020-q2-update.macos64_2.0.0.202105311346/tools/bin/../lib/gcc/arm-none-eabi/9.3.1/../../../../arm-none-eabi/lib/thumb/v7e-m+fp/hard/libc_nano.a(lib_a-exit.o)
                              /Applications/STM32CubeIDE.app/Contents/Eclipse/plugins/com.st.stm32cube.ide.mcu.externaltools.gnu-tools-for-stm32.9-2020-q2-update.macos64_2.0.0.202105311346/tools/bin/../lib/gcc/arm-none-eabi/9.3.1/../../../../arm-none-eabi/lib/thumb/v7e-m+fp/hard/crt0.o (exit)
/Applications/STM32CubeIDE.app/Contents/Eclipse/plugins/com.st.stm32cube.ide.mcu.externaltools.gnu-tools-for-stm32.9-2020-q2-update.macos64_2.0.0.202105311346/tools/bin/../lib/gcc/arm-none-eabi/9.3.1/../../../../arm-none-eabi/lib/thumb/v7e-m+fp/hard/libc_nano.a(lib_a-impure.o)
                              /Applications/STM32CubeIDE.app/Contents/Eclipse/plugins/com.st.stm32cube.ide.mcu.externaltools.gnu-tools-for-stm32.9-2020-q2-update.macos64_2.0.0.202105311346/tools/bin/../lib/gcc/arm-none-eabi/9.3.1/../../../../arm-none-eabi/lib/thumb/v7e-m+fp/hard/libc_nano.a(lib_a-exit.o) (_global_impure_ptr)
/Applications/STM32CubeIDE.app/Contents/Eclipse/plugins/com.st.stm32cube.ide.mcu.externaltools.gnu-tools-for-stm32.9-2020-q2-update.macos64_2.0.0.202105311346/tools/bin/../lib/gcc/arm-none-eabi/9.3.1/../../../../arm-none-eabi/lib/thumb/v7e-m+fp/hard/libc_nano.a(lib_a-init.o)
[...]
Memory Configuration

Name             Origin             Length             Attributes
RAM              0x0000000020000000 0x0000000000018000 xrw
RAM2             0x0000000010000000 0x0000000000008000 xrw
FLASH            0x0000000008000000 0x0000000000100000 xr
*default*        0x0000000000000000 0xffffffffffffffff

Linker script and memory map

LOAD /Applications/STM32CubeIDE.app/Contents/Eclipse/plugins/com.st.stm32cube.ide.mcu.externaltools.gnu-tools-for-stm32.9-2020-q2-update.macos64_2.0.0.202105311346/tools/bin/../lib/gcc/arm-none-eabi/9.3.1/thumb/v7e-m+fp/hard/crti.o
LOAD /Applications/STM32CubeIDE.app/Contents/Eclipse/plugins/com.st.stm32cube.ide.mcu.externaltools.gnu-tools-for-stm32.9-2020-q2-update.macos64_2.0.0.202105311346/tools/bin/../lib/gcc/arm-none-eabi/9.3.1/thumb/v7e-m+fp/hard/crtbegin.o
LOAD /Applications/STM32CubeIDE.app/Contents/Eclipse/plugins/com.st.stm32cube.ide.mcu.externaltools.gnu-tools-for-stm32.9-2020-q2-update.macos64_2.0.0.202105311346/tools/bin/../lib/gcc/arm-none-eabi/9.3.1/../../../../arm-none-eabi/lib/thumb/v7e-m+fp/hard/crt0.o
LOAD ./Core/Src/ADC.o
LOAD ./Core/Src/DMA.o
LOAD ./Core/Src/GPIO.o
LOAD ./Core/Src/UART.o
LOAD ./Core/Src/main.o
LOAD ./Core/Src/stm32l4xx_hal_msp.o
LOAD ./Core/Src/stm32l4xx_it.o
LOAD ./Core/Src/syscalls.o
LOAD ./Core/Src/sysmem.o
LOAD ./Core/Src/system_stm32l4xx.o
LOAD ./Core/Src/timer.o
LOAD ./Core/Startup/startup_stm32l476rgtx.o
LOAD ./Drivers/STM32L4xx_HAL_Driver/Src/stm32l4xx_hal.o
LOAD ./Drivers/STM32L4xx_HAL_Driver/Src/stm32l4xx_hal_cortex.o
LOAD ./Drivers/STM32L4xx_HAL_Driver/Src/stm32l4xx_hal_dma.o
LOAD ./Drivers/STM32L4xx_HAL_Driver/Src/stm32l4xx_hal_dma_ex.o
LOAD ./Drivers/STM32L4xx_HAL_Driver/Src/stm32l4xx_hal_exti.o
LOAD ./Drivers/STM32L4xx_HAL_Driver/Src/stm32l4xx_hal_flash.o
LOAD ./Drivers/STM32L4xx_HAL_Driver/Src/stm32l4xx_hal_flash_ex.o
LOAD ./Drivers/STM32L4xx_HAL_Driver/Src/stm32l4xx_hal_flash_ramfunc.o
LOAD ./Drivers/STM32L4xx_HAL_Driver/Src/stm32l4xx_hal_gpio.o
LOAD ./Drivers/STM32L4xx_HAL_Driver/Src/stm32l4xx_hal_i2c.o
LOAD ./Drivers/STM32L4xx_HAL_Driver/Src/stm32l4xx_hal_i2c_ex.o
LOAD ./Drivers/STM32L4xx_HAL_Driver/Src/stm32l4xx_hal_pwr.o
LOAD ./Drivers/STM32L4xx_HAL_Driver/Src/stm32l4xx_hal_pwr_ex.o
LOAD ./Drivers/STM32L4xx_HAL_Driver/Src/stm32l4xx_hal_rcc.o
LOAD ./Drivers/STM32L4xx_HAL_Driver/Src/stm32l4xx_hal_rcc_ex.o
LOAD ./Drivers/STM32L4xx_HAL_Driver/Src/stm32l4xx_hal_tim.o
LOAD ./Drivers/STM32L4xx_HAL_Driver/Src/stm32l4xx_hal_tim_ex.o
LOAD /Users/eduardomunoz/Library/CloudStorage/OneDrive-CalPoly/college/Spring 2023/RTOS/5_FFT_DMA/Drivers/CMSIS/Lib/GCC/libarm_cortexM4lf_math.a
START GROUP
LOAD /Applications/STM32CubeIDE.app/Contents/Eclipse/plugins/com.st.stm32cube.ide.mcu.externaltools.gnu-tools-for-stm32.9-2020-q2-update.macos64_2.0.0.202105311346/tools/bin/../lib/gcc/arm-none-eabi/9.3.1/../../../../arm-none-eabi/lib/thumb/v7e-m+fp/hard/libc_nano.a
LOAD /Applications/STM32CubeIDE.app/Contents/Eclipse/plugins/com.st.stm32cube.ide.mcu.externaltools.gnu-tools-for-stm32.9-2020-q2-update.macos64_2.0.0.202105311346/tools/bin/../lib/gcc/arm-none-eabi/9.3.1/../../../../arm-none-eabi/lib/thumb/v7e-m+fp/hard/libm.a
END GROUP
START GROUP
LOAD /Applications/STM32CubeIDE.app/Contents/Eclipse/plugins/com.st.stm32cube.ide.mcu.externaltools.gnu-tools-for-stm32.9-2020-q2-update.macos64_2.0.0.202105311346/tools/bin/../lib/gcc/arm-none-eabi/9.3.1/thumb/v7e-m+fp/hard/libgcc.a
LOAD /Applications/STM32CubeIDE.app/Contents/Eclipse/plugins/com.st.stm32cube.ide.mcu.externaltools.gnu-tools-for-stm32.9-2020-q2-update.macos64_2.0.0.202105311346/tools/bin/../lib/gcc/arm-none-eabi/9.3.1/../../../../arm-none-eabi/lib/thumb/v7e-m+fp/hard/libc_nano.a
END GROUP
START GROUP
LOAD /Applications/STM32CubeIDE.app/Contents/Eclipse/plugins/com.st.stm32cube.ide.mcu.externaltools.gnu-tools-for-stm32.9-2020-q2-update.macos64_2.0.0.202105311346/tools/bin/../lib/gcc/arm-none-eabi/9.3.1/thumb/v7e-m+fp/hard/libgcc.a
LOAD /Applications/STM32CubeIDE.app/Contents/Eclipse/plugins/com.st.stm32cube.ide.mcu.externaltools.gnu-tools-for-stm32.9-2020-q2-update.macos64_2.0.0.202105311346/tools/bin/../lib/gcc/arm-none-eabi/9.3.1/../../../../arm-none-eabi/lib/thumb/v7e-m+fp/hard/libc_nano.a
LOAD /Applications/STM32CubeIDE.app/Contents/Eclipse/plugins/com.st.stm32cube.ide.mcu.externaltools.gnu-tools-for-stm32.9-2020-q2-update.macos64_2.0.0.202105311346/tools/bin/../lib/gcc/arm-none-eabi/9.3.1/../../../../arm-none-eabi/lib/thumb/v7e-m+fp/hard/libnosys.a
END GROUP
START GROUP
LOAD /Applications/STM32CubeIDE.app/Contents/Eclipse/plugins/com.st.stm32cube.ide.mcu.externaltools.gnu-tools-for-stm32.9-2020-q2-update.macos64_2.0.0.202105311346/tools/bin/../lib/gcc/arm-none-eabi/9.3.1/thumb/v7e-m+fp/hard/libgcc.a
LOAD /Applications/STM32CubeIDE.app/Contents/Eclipse/plugins/com.st.stm32cube.ide.mcu.externaltools.gnu-tools-for-stm32.9-2020-q2-update.macos64_2.0.0.202105311346/tools/bin/../lib/gcc/arm-none-eabi/9.3.1/../../../../arm-none-eabi/lib/thumb/v7e-m+fp/hard/libc_nano.a
LOAD /Applications/STM32CubeIDE.app/Contents/Eclipse/plugins/com.st.stm32cube.ide.mcu.externaltools.gnu-tools-for-stm32.9-2020-q2-update.macos64_2.0.0.202105311346/tools/bin/../lib/gcc/arm-none-eabi/9.3.1/../../../../arm-none-eabi/lib/thumb/v7e-m+fp/hard/libnosys.a
END GROUP
LOAD /Applications/STM32CubeIDE.app/Contents/Eclipse/plugins/com.st.stm32cube.ide.mcu.externaltools.gnu-tools-for-stm32.9-2020-q2-update.macos64_2.0.0.202105311346/tools/bin/../lib/gcc/arm-none-eabi/9.3.1/thumb/v7e-m+fp/hard/crtend.o
LOAD /Applications/STM32CubeIDE.app/Contents/Eclipse/plugins/com.st.stm32cube.ide.mcu.externaltools.gnu-tools-for-stm32.9-2020-q2-update.macos64_2.0.0.202105311346/tools/bin/../lib/gcc/arm-none-eabi/9.3.1/thumb/v7e-m+fp/hard/crtn.o
                0x0000000020018000                _estack = (ORIGIN (RAM) + LENGTH (RAM))
                0x0000000000000200                _Min_Heap_Size = 0x200
                0x0000000000000400                _Min_Stack_Size = 0x400

.isr_vector     0x0000000008000000      0x188
                0x0000000008000000                . = ALIGN (0x4)
 *(.isr_vector)
 .isr_vector    0x0000000008000000      0x188 ./Core/Startup/startup_stm32l476rgtx.o
                0x0000000008000000                g_pfnVectors
                0x0000000008000188                . = ALIGN (0x4)

.text           0x0000000008000188     0x2474
                0x0000000008000188                . = ALIGN (0x4)
 *(.text)
 .text          0x0000000008000188       0x40 /Applications/STM32CubeIDE.app/Contents/Eclipse/plugins/com.st.stm32cube.ide.mcu.externaltools.gnu-tools-for-stm32.9-2020-q2-update.macos64_2.0.0.202105311346/tools/bin/../lib/gcc/arm-none-eabi/9.3.1/thumb/v7e-m+fp/hard/crtbegin.o
 .text          0x00000000080001c8       0x10 /Applications/STM32CubeIDE.app/Contents/Eclipse/plugins/com.st.stm32cube.ide.mcu.externaltools.gnu-tools-for-stm32.9-2020-q2-update.macos64_2.0.0.202105311346/tools/bin/../lib/gcc/arm-none-eabi/9.3.1/../../../../arm-none-eabi/lib/thumb/v7e-m+fp/hard/libc_nano.a(lib_a-strlen.o)
                0x00000000080001c8                strlen
 *(.text*)
 .text.ADC_init
                0x00000000080001d8      0x164 ./Core/Src/ADC.o
                0x00000000080001d8                ADC_init
 .text.DMA1channel1_ADC_init
                0x000000000800033c       0xac ./Core/Src/DMA.o
                0x000000000800033c                DMA1channel1_ADC_init
 .text.DMA1_Channel3_IRQHandler
                0x00000000080003e8       0x64 ./Core/Src/DMA.o
                0x00000000080003e8                DMA1_Channel3_IRQHandler
 .text.DMA1_Channel1_IRQHandler
                0x000000000800044c       0x50 ./Core/Src/DMA.o
                0x000000000800044c                DMA1_Channel1_IRQHandler
 .text.GPIO_init
                0x000000000800049c       0x84 ./Core/Src/GPIO.o
                0x000000000800049c                GPIO_init
 .text.UART_Init
                0x0000000008000520       0xbc ./Core/Src/UART.o
                0x0000000008000520                UART_Init
 .text.UART_print
                0x00000000080005dc       0x4c ./Core/Src/UART.o
                0x00000000080005dc                UART_print
 .text.USART2_IRQHandler
                0x0000000008000628       0x50 ./Core/Src/UART.o
                0x0000000008000628                USART2_IRQHandler
 .text.UART_escapes
                0x0000000008000678       0x30 ./Core/Src/UART.o
                0x0000000008000678                UART_escapes
 .text.main     0x00000000080006a8      0x250 ./Core/Src/main.o
                0x00000000080006a8                main
 .text.SystemClock_Config
                0x00000000080008f8       0xa4 ./Core/Src/main.o
                0x00000000080008f8                SystemClock_Config
 .text.Error_Handler
                0x000000000800099c        0xa ./Core/Src/main.o
                0x000000000800099c                Error_Handler
 *fill*         0x00000000080009a6        0x2 
 .text.HAL_MspInit
                0x00000000080009a8       0x48 ./Core/Src/stm32l4xx_hal_msp.o
                0x00000000080009a8                HAL_MspInit
 .text.NMI_Handler
                0x00000000080009f0        0x6 ./Core/Src/stm32l4xx_it.o
                0x00000000080009f0                NMI_Handler
 .text.HardFault_Handler
                0x00000000080009f6        0x6 ./Core/Src/stm32l4xx_it.o
                0x00000000080009f6                HardFault_Handler
 .text.MemManage_Handler
                0x00000000080009fc        0x6 ./Core/Src/stm32l4xx_it.o
                0x00000000080009fc                MemManage_Handler
 .text.BusFault_Handler
                0x0000000008000a02        0x6 ./Core/Src/stm32l4xx_it.o
                0x0000000008000a02                BusFault_Handler
 .text.UsageFault_Handler
                0x0000000008000a08        0x6 ./Core/Src/stm32l4xx_it.o
                0x0000000008000a08                UsageFault_Handler
 .text.SVC_Handler
                0x0000000008000a0e        0xe ./Core/Src/stm32l4xx_it.o
                0x0000000008000a0e                SVC_Handler
 .text.DebugMon_Handler
                0x0000000008000a1c        0xe ./Core/Src/stm32l4xx_it.o
                0x0000000008000a1c                DebugMon_Handler
 .text.PendSV_Handler
                0x0000000008000a2a        0xe ./Core/Src/stm32l4xx_it.o
                0x0000000008000a2a                PendSV_Handler
 .text.SysTick_Handler
                0x0000000008000a38        0xc ./Core/Src/stm32l4xx_it.o
                0x0000000008000a38                SysTick_Handler
 .text.SystemInit
                0x0000000008000a44       0x24 ./Core/Src/system_stm32l4xx.o
                0x0000000008000a44                SystemInit
 .text.tim2_init
                0x0000000008000a68       0x90 ./Core/Src/timer.o
                0x0000000008000a68                tim2_init
 .text.Reset_Handler
                0x0000000008000af8       0x50 ./Core/Startup/startup_stm32l476rgtx.o
                0x0000000008000af8                Reset_Handler
 .text.Default_Handler
                0x0000000008000b48        0x2 ./Core/Startup/startup_stm32l476rgtx.o
                0x0000000008000b48                TIM1_BRK_TIM15_IRQHandler
                0x0000000008000b48                EXTI2_IRQHandler
                0x0000000008000b48                TIM8_TRG_COM_IRQHandler
                0x0000000008000b48                TIM8_CC_IRQHandler
                0x0000000008000b48                TIM1_CC_IRQHandler
                0x0000000008000b48                TSC_IRQHandler
                0x0000000008000b48                TAMP_STAMP_IRQHandler
                0x0000000008000b48                EXTI3_IRQHandler
                0x0000000008000b48                LPTIM2_IRQHandler
                0x0000000008000b48                DFSDM1_FLT1_IRQHandler
                0x0000000008000b48                I2C3_ER_IRQHandler
                0x0000000008000b48                DFSDM1_FLT2_IRQHandler
                0x0000000008000b48                EXTI0_IRQHandler
                0x0000000008000b48                I2C2_EV_IRQHandler
                0x0000000008000b48                CAN1_RX0_IRQHandler
                0x0000000008000b48                FPU_IRQHandler
                0x0000000008000b48                TIM1_UP_TIM16_IRQHandler
                0x0000000008000b48                ADC1_2_IRQHandler
                0x0000000008000b48                SPI1_IRQHandler
                0x0000000008000b48                TIM6_DAC_IRQHandler
                0x0000000008000b48                TIM8_UP_IRQHandler
                0x0000000008000b48                DMA2_Channel2_IRQHandler
                0x0000000008000b48                DMA1_Channel4_IRQHandler
                0x0000000008000b48                SAI2_IRQHandler
                0x0000000008000b48                DFSDM1_FLT3_IRQHandler
                0x0000000008000b48                USART3_IRQHandler
                0x0000000008000b48                DMA1_Channel7_IRQHandler
                0x0000000008000b48                CAN1_RX1_IRQHandler
                0x0000000008000b48                LCD_IRQHandler
                0x0000000008000b48                UART5_IRQHandler
                0x0000000008000b48                ADC3_IRQHandler
                0x0000000008000b48                TIM4_IRQHandler
                0x0000000008000b48                DMA2_Channel1_IRQHandler
                0x0000000008000b48                QUADSPI_IRQHandler
                0x0000000008000b48                I2C1_EV_IRQHandler
                0x0000000008000b48                DMA1_Channel6_IRQHandler
                0x0000000008000b48                UART4_IRQHandler
                0x0000000008000b48                DMA2_Channel4_IRQHandler
                0x0000000008000b48                TIM3_IRQHandler
                0x0000000008000b48                RCC_IRQHandler
                0x0000000008000b48                Default_Handler
                0x0000000008000b48                DMA2_Channel7_IRQHandler
                0x0000000008000b48                EXTI15_10_IRQHandler
                0x0000000008000b48                TIM7_IRQHandler
                0x0000000008000b48                SDMMC1_IRQHandler
                0x0000000008000b48                TIM5_IRQHandler
                0x0000000008000b48                I2C3_EV_IRQHandler
                0x0000000008000b48                EXTI9_5_IRQHandler
                0x0000000008000b48                RTC_WKUP_IRQHandler
                0x0000000008000b48                PVD_PVM_IRQHandler
                0x0000000008000b48                SPI2_IRQHandler
                0x0000000008000b48                CAN1_TX_IRQHandler
                0x0000000008000b48                DMA2_Channel5_IRQHandler
                0x0000000008000b48                DMA1_Channel5_IRQHandler
                0x0000000008000b48                EXTI4_IRQHandler
                0x0000000008000b48                RNG_IRQHandler
                0x0000000008000b48                TIM1_TRG_COM_TIM17_IRQHandler
                0x0000000008000b48                COMP_IRQHandler
                0x0000000008000b48                WWDG_IRQHandler
                0x0000000008000b48                LPUART1_IRQHandler
                0x0000000008000b48                DMA2_Channel6_IRQHandler
                0x0000000008000b48                TIM2_IRQHandler
                0x0000000008000b48                EXTI1_IRQHandler
                0x0000000008000b48                DFSDM1_FLT0_IRQHandler
                0x0000000008000b48                I2C2_ER_IRQHandler
                0x0000000008000b48                DMA1_Channel2_IRQHandler
                0x0000000008000b48                TIM8_BRK_IRQHandler
                0x0000000008000b48                CAN1_SCE_IRQHandler
                0x0000000008000b48                FLASH_IRQHandler
                0x0000000008000b48                USART1_IRQHandler
                0x0000000008000b48                OTG_FS_IRQHandler
                0x0000000008000b48                SPI3_IRQHandler
                0x0000000008000b48                I2C1_ER_IRQHandler
                0x0000000008000b48                FMC_IRQHandler
                0x0000000008000b48                SWPMI1_IRQHandler
                0x0000000008000b48                LPTIM1_IRQHandler
                0x0000000008000b48                SAI1_IRQHandler
                0x0000000008000b48                DMA2_Channel3_IRQHandler
                0x0000000008000b48                RTC_Alarm_IRQHandler
 .text.HAL_Init
                0x0000000008000b4a       0x30 ./Drivers/STM32L4xx_HAL_Driver/Src/stm32l4xx_hal.o
                0x0000000008000b4a                HAL_Init
 *fill*         0x0000000008000b7a        0x2 
 .text.HAL_InitTick
                0x0000000008000b7c       0x78 ./Drivers/STM32L4xx_HAL_Driver/Src/stm32l4xx_hal.o
                0x0000000008000b7c                HAL_InitTick
 .text.HAL_IncTick
                0x0000000008000bf4       0x28 ./Drivers/STM32L4xx_HAL_Driver/Src/stm32l4xx_hal.o
                0x0000000008000bf4                HAL_IncTick
 .text.HAL_GetTick
                0x0000000008000c1c       0x18 ./Drivers/STM32L4xx_HAL_Driver/Src/stm32l4xx_hal.o
                0x0000000008000c1c                HAL_GetTick
 .text.HAL_Delay
                0x0000000008000c34       0x48 ./Drivers/STM32L4xx_HAL_Driver/Src/stm32l4xx_hal.o
                0x0000000008000c34                HAL_Delay
 .text.__NVIC_SetPriorityGrouping
                0x0000000008000c7c       0x48 ./Drivers/STM32L4xx_HAL_Driver/Src/stm32l4xx_hal_cortex.o
 .text.__NVIC_GetPriorityGrouping
                0x0000000008000cc4       0x1c ./Drivers/STM32L4xx_HAL_Driver/Src/stm32l4xx_hal_cortex.o
 .text.__NVIC_SetPriority
                0x0000000008000ce0       0x54 ./Drivers/STM32L4xx_HAL_Driver/Src/stm32l4xx_hal_cortex.o
 .text.NVIC_EncodePriority
                0x0000000008000d34       0x66 ./Drivers/STM32L4xx_HAL_Driver/Src/stm32l4xx_hal_cortex.o
 *fill*         0x0000000008000d9a        0x2 
 .text.SysTick_Config
                0x0000000008000d9c       0x44 ./Drivers/STM32L4xx_HAL_Driver/Src/stm32l4xx_hal_cortex.o
 .text.HAL_NVIC_SetPriorityGrouping
                0x0000000008000de0       0x16 ./Drivers/STM32L4xx_HAL_Driver/Src/stm32l4xx_hal_cortex.o
                0x0000000008000de0                HAL_NVIC_SetPriorityGrouping
 .text.HAL_NVIC_SetPriority
                0x0000000008000df6       0x38 ./Drivers/STM32L4xx_HAL_Driver/Src/stm32l4xx_hal_cortex.o
                0x0000000008000df6                HAL_NVIC_SetPriority
 .text.HAL_SYSTICK_Config
                0x0000000008000e2e       0x18 ./Drivers/STM32L4xx_HAL_Driver/Src/stm32l4xx_hal_cortex.o
                0x0000000008000e2e                HAL_SYSTICK_Config
 *fill*         0x0000000008000e46        0x2 
 .text.HAL_PWREx_GetVoltageRange
                0x0000000008000e48       0x1c ./Drivers/STM32L4xx_HAL_Driver/Src/stm32l4xx_hal_pwr_ex.o
                0x0000000008000e48                HAL_PWREx_GetVoltageRange
 .text.HAL_PWREx_ControlVoltageScaling
                0x0000000008000e64       0xac ./Drivers/STM32L4xx_HAL_Driver/Src/stm32l4xx_hal_pwr_ex.o
                0x0000000008000e64                HAL_PWREx_ControlVoltageScaling
 .text.HAL_RCC_OscConfig
                0x0000000008000f10      0x7b4 ./Drivers/STM32L4xx_HAL_Driver/Src/stm32l4xx_hal_rcc.o
                0x0000000008000f10                HAL_RCC_OscConfig
 .text.HAL_RCC_ClockConfig
                0x00000000080016c4      0x200 ./Drivers/STM32L4xx_HAL_Driver/Src/stm32l4xx_hal_rcc.o
                0x00000000080016c4                HAL_RCC_ClockConfig
 .text.HAL_RCC_GetSysClockFreq
                0x00000000080018c4      0x118 ./Drivers/STM32L4xx_HAL_Driver/Src/stm32l4xx_hal_rcc.o
                0x00000000080018c4                HAL_RCC_GetSysClockFreq
 .text.RCC_SetFlashLatencyFromMSIRange
                0x00000000080019dc       0xc0 ./Drivers/STM32L4xx_HAL_Driver/Src/stm32l4xx_hal_rcc.o
 .text.arm_max_q15
                0x0000000008001a9c       0xa4 /Users/eduardomunoz/Library/CloudStorage/OneDrive-CalPoly/college/Spring 2023/RTOS/5_FFT_DMA/Drivers/CMSIS/Lib/GCC/libarm_cortexM4lf_math.a(arm_max_q15.o)
                0x0000000008001a9c                arm_max_q15
 .text.arm_rfft_q15
                0x0000000008001b40      0x134 /Users/eduardomunoz/Library/CloudStorage/OneDrive-CalPoly/college/Spring 2023/RTOS/5_FFT_DMA/Drivers/CMSIS/Lib/GCC/libarm_cortexM4lf_math.a(arm_rfft_q15.o)
                0x0000000008001b40                arm_rfft_q15
 .text.arm_rfft_init_q15
                0x0000000008001c74       0xec /Users/eduardomunoz/Library/CloudStorage/OneDrive-CalPoly/college/Spring 2023/RTOS/5_FFT_DMA/Drivers/CMSIS/Lib/GCC/libarm_cortexM4lf_math.a(arm_rfft_init_q15.o)
                0x0000000008001c74                arm_rfft_init_q15
 .text.arm_cfft_radix4by2_q15
                0x0000000008001d60       0xc4 /Users/eduardomunoz/Library/CloudStorage/OneDrive-CalPoly/college/Spring 2023/RTOS/5_FFT_DMA/Drivers/CMSIS/Lib/GCC/libarm_cortexM4lf_math.a(arm_cfft_q15.o)
                0x0000000008001d60                arm_cfft_radix4by2_q15
 .text.arm_cfft_radix4by2_inverse_q15
                0x0000000008001e24       0xc4 /Users/eduardomunoz/Library/CloudStorage/OneDrive-CalPoly/college/Spring 2023/RTOS/5_FFT_DMA/Drivers/CMSIS/Lib/GCC/libarm_cortexM4lf_math.a(arm_cfft_q15.o)
                0x0000000008001e24                arm_cfft_radix4by2_inverse_q15
 .text.arm_cfft_q15
                0x0000000008001ee8       0xd8 /Users/eduardomunoz/Library/CloudStorage/OneDrive-CalPoly/college/Spring 2023/RTOS/5_FFT_DMA/Drivers/CMSIS/Lib/GCC/libarm_cortexM4lf_math.a(arm_cfft_q15.o)
                0x0000000008001ee8                arm_cfft_q15
 .text.arm_radix4_butterfly_q15
                0x0000000008001fc0      0x268 /Users/eduardomunoz/Library/CloudStorage/OneDrive-CalPoly/college/Spring 2023/RTOS/5_FFT_DMA/Drivers/CMSIS/Lib/GCC/libarm_cortexM4lf_math.a(arm_cfft_radix4_q15.o)
                0x0000000008001fc0                arm_radix4_butterfly_q15
 .text.arm_radix4_butterfly_inverse_q15
                0x0000000008002228      0x268 /Users/eduardomunoz/Library/CloudStorage/OneDrive-CalPoly/college/Spring 2023/RTOS/5_FFT_DMA/Drivers/CMSIS/Lib/GCC/libarm_cortexM4lf_math.a(arm_cfft_radix4_q15.o)
                0x0000000008002228                arm_radix4_butterfly_inverse_q15
 .text.arm_bitreversal_16
                0x0000000008002490       0x44 /Users/eduardomunoz/Library/CloudStorage/OneDrive-CalPoly/college/Spring 2023/RTOS/5_FFT_DMA/Drivers/CMSIS/Lib/GCC/libarm_cortexM4lf_math.a(arm_bitreversal2.o)
                0x0000000008002490                arm_bitreversal_16
 .text.__libc_init_array
                0x00000000080024d4       0x48 /Applications/STM32CubeIDE.app/Contents/Eclipse/plugins/com.st.stm32cube.ide.mcu.externaltools.gnu-tools-for-stm32.9-2020-q2-update.macos64_2.0.0.202105311346/tools/bin/../lib/gcc/arm-none-eabi/9.3.1/../../../../arm-none-eabi/lib/thumb/v7e-m+fp/hard/libc_nano.a(lib_a-init.o)
                0x00000000080024d4                __libc_init_array
 .text.__itoa   0x000000000800251c       0x30 /Applications/STM32CubeIDE.app/Contents/Eclipse/plugins/com.st.stm32cube.ide.mcu.externaltools.gnu-tools-for-stm32.9-2020-q2-update.macos64_2.0.0.202105311346/tools/bin/../lib/gcc/arm-none-eabi/9.3.1/../../../../arm-none-eabi/lib/thumb/v7e-m+fp/hard/libc_nano.a(lib_a-itoa.o)
                0x000000000800251c                __itoa
 .text.itoa     0x000000000800254c        0x4 /Applications/STM32CubeIDE.app/Contents/Eclipse/plugins/com.st.stm32cube.ide.mcu.externaltools.gnu-tools-for-stm32.9-2020-q2-update.macos64_2.0.0.202105311346/tools/bin/../lib/gcc/arm-none-eabi/9.3.1/../../../../arm-none-eabi/lib/thumb/v7e-m+fp/hard/libc_nano.a(lib_a-itoa.o)
                0x000000000800254c                itoa
 .text.memset   0x0000000008002550       0x10 /Applications/STM32CubeIDE.app/Contents/Eclipse/plugins/com.st.stm32cube.ide.mcu.externaltools.gnu-tools-for-stm32.9-2020-q2-update.macos64_2.0.0.202105311346/tools/bin/../lib/gcc/arm-none-eabi/9.3.1/../../../../arm-none-eabi/lib/thumb/v7e-m+fp/hard/libc_nano.a(lib_a-memset.o)
                0x0000000008002550                memset
 .text.__utoa   0x0000000008002560       0x84 /Applications/STM32CubeIDE.app/Contents/Eclipse/plugins/com.st.stm32cube.ide.mcu.externaltools.gnu-tools-for-stm32.9-2020-q2-update.macos64_2.0.0.202105311346/tools/bin/../lib/gcc/arm-none-eabi/9.3.1/../../../../arm-none-eabi/lib/thumb/v7e-m+fp/hard/libc_nano.a(lib_a-utoa.o)
                0x0000000008002560                __utoa
 *(.glue_7)
 .glue_7        0x00000000080025e4        0x0 linker stubs
 *(.glue_7t)
 .glue_7t       0x00000000080025e4        0x0 linker stubs
 *(.eh_frame)
 .eh_frame      0x00000000080025e4        0x0 /Applications/STM32CubeIDE.app/Contents/Eclipse/plugins/com.st.stm32cube.ide.mcu.externaltools.gnu-tools-for-stm32.9-2020-q2-update.macos64_2.0.0.202105311346/tools/bin/../lib/gcc/arm-none-eabi/9.3.1/thumb/v7e-m+fp/hard/crtbegin.o
 *(.init)
 .init          0x00000000080025e4        0x4 /Applications/STM32CubeIDE.app/Contents/Eclipse/plugins/com.st.stm32cube.ide.mcu.externaltools.gnu-tools-for-stm32.9-2020-q2-update.macos64_2.0.0.202105311346/tools/bin/../lib/gcc/arm-none-eabi/9.3.1/thumb/v7e-m+fp/hard/crti.o
                0x00000000080025e4                _init
 .init          0x00000000080025e8        0x8 /Applications/STM32CubeIDE.app/Contents/Eclipse/plugins/com.st.stm32cube.ide.mcu.externaltools.gnu-tools-for-stm32.9-2020-q2-update.macos64_2.0.0.202105311346/tools/bin/../lib/gcc/arm-none-eabi/9.3.1/thumb/v7e-m+fp/hard/crtn.o
 *(.fini)
 .fini          0x00000000080025f0        0x4 /Applications/STM32CubeIDE.app/Contents/Eclipse/plugins/com.st.stm32cube.ide.mcu.externaltools.gnu-tools-for-stm32.9-2020-q2-update.macos64_2.0.0.202105311346/tools/bin/../lib/gcc/arm-none-eabi/9.3.1/thumb/v7e-m+fp/hard/crti.o
                0x00000000080025f0                _fini
 .fini          0x00000000080025f4        0x8 /Applications/STM32CubeIDE.app/Contents/Eclipse/plugins/com.st.stm32cube.ide.mcu.externaltools.gnu-tools-for-stm32.9-2020-q2-update.macos64_2.0.0.202105311346/tools/bin/../lib/gcc/arm-none-eabi/9.3.1/thumb/v7e-m+fp/hard/crtn.o
                0x00000000080025fc                . = ALIGN (0x4)
                0x00000000080025fc                _etext = .

.vfp11_veneer   0x00000000080025fc        0x0
 .vfp11_veneer  0x00000000080025fc        0x0 linker stubs

.v4_bx          0x00000000080025fc        0x0
 .v4_bx         0x00000000080025fc        0x0 linker stubs

.iplt           0x00000000080025fc        0x0
 .iplt          0x00000000080025fc        0x0 /Applications/STM32CubeIDE.app/Contents/Eclipse/plugins/com.st.stm32cube.ide.mcu.externaltools.gnu-tools-for-stm32.9-2020-q2-update.macos64_2.0.0.202105311346/tools/bin/../lib/gcc/arm-none-eabi/9.3.1/thumb/v7e-m+fp/hard/crtbegin.o

.rodata         0x00000000080025fc    0x11ee8
                0x00000000080025fc                . = ALIGN (0x4)
 *(.rodata)
 .rodata        0x00000000080025fc        0xc ./Core/Src/UART.o
 .rodata        0x0000000008002608       0x1b ./Core/Src/main.o
 *(.rodata*)
 *fill*         0x0000000008002623        0x1 
 .rodata.AHBPrescTable
                0x0000000008002624       0x10 ./Core/Src/system_stm32l4xx.o
                0x0000000008002624                AHBPrescTable
 .rodata.MSIRangeTable
                0x0000000008002634       0x30 ./Core/Src/system_stm32l4xx.o
                0x0000000008002634                MSIRangeTable
 .rodata.arm_cfft_sR_q15_len1024
                0x0000000008002664       0x10 /Users/eduardomunoz/Library/CloudStorage/OneDrive-CalPoly/college/Spring 2023/RTOS/5_FFT_DMA/Drivers/CMSIS/Lib/GCC/libarm_cortexM4lf_math.a(arm_const_structs.o)
                0x0000000008002664                arm_cfft_sR_q15_len1024
 .rodata.arm_cfft_sR_q15_len128
                0x0000000008002674       0x10 /Users/eduardomunoz/Library/CloudStorage/OneDrive-CalPoly/college/Spring 2023/RTOS/5_FFT_DMA/Drivers/CMSIS/Lib/GCC/libarm_cortexM4lf_math.a(arm_const_structs.o)
                0x0000000008002674                arm_cfft_sR_q15_len128
 .rodata.arm_cfft_sR_q15_len16
                0x0000000008002684       0x10 /Users/eduardomunoz/Library/CloudStorage/OneDrive-CalPoly/college/Spring 2023/RTOS/5_FFT_DMA/Drivers/CMSIS/Lib/GCC/libarm_cortexM4lf_math.a(arm_const_structs.o)
                0x0000000008002684                arm_cfft_sR_q15_len16
 .rodata.arm_cfft_sR_q15_len2048
                0x0000000008002694       0x10 /Users/eduardomunoz/Library/CloudStorage/OneDrive-CalPoly/college/Spring 2023/RTOS/5_FFT_DMA/Drivers/CMSIS/Lib/GCC/libarm_cortexM4lf_math.a(arm_const_structs.o)
                0x0000000008002694                arm_cfft_sR_q15_len2048
 .rodata.arm_cfft_sR_q15_len256
                0x00000000080026a4       0x10 /Users/eduardomunoz/Library/CloudStorage/OneDrive-CalPoly/college/Spring 2023/RTOS/5_FFT_DMA/Drivers/CMSIS/Lib/GCC/libarm_cortexM4lf_math.a(arm_const_structs.o)
                0x00000000080026a4                arm_cfft_sR_q15_len256
 .rodata.arm_cfft_sR_q15_len32
                0x00000000080026b4       0x10 /Users/eduardomunoz/Library/CloudStorage/OneDrive-CalPoly/college/Spring 2023/RTOS/5_FFT_DMA/Drivers/CMSIS/Lib/GCC/libarm_cortexM4lf_math.a(arm_const_structs.o)
                0x00000000080026b4                arm_cfft_sR_q15_len32
 .rodata.arm_cfft_sR_q15_len4096
                0x00000000080026c4       0x10 /Users/eduardomunoz/Library/CloudStorage/OneDrive-CalPoly/college/Spring 2023/RTOS/5_FFT_DMA/Drivers/CMSIS/Lib/GCC/libarm_cortexM4lf_math.a(arm_const_structs.o)
                0x00000000080026c4                arm_cfft_sR_q15_len4096
 .rodata.arm_cfft_sR_q15_len512
                0x00000000080026d4       0x10 /Users/eduardomunoz/Library/CloudStorage/OneDrive-CalPoly/college/Spring 2023/RTOS/5_FFT_DMA/Drivers/CMSIS/Lib/GCC/libarm_cortexM4lf_math.a(arm_const_structs.o)
                0x00000000080026d4                arm_cfft_sR_q15_len512
 .rodata.arm_cfft_sR_q15_len64
                0x00000000080026e4       0x10 /Users/eduardomunoz/Library/CloudStorage/OneDrive-CalPoly/college/Spring 2023/RTOS/5_FFT_DMA/Drivers/CMSIS/Lib/GCC/libarm_cortexM4lf_math.a(arm_const_structs.o)
                0x00000000080026e4                arm_cfft_sR_q15_len64
 .rodata.armBitRevIndexTable_fixed_1024
                0x00000000080026f4      0x7c0 /Users/eduardomunoz/Library/CloudStorage/OneDrive-CalPoly/college/Spring 2023/RTOS/5_FFT_DMA/Drivers/CMSIS/Lib/GCC/libarm_cortexM4lf_math.a(arm_common_tables.o)
                0x00000000080026f4                armBitRevIndexTable_fixed_1024
 .rodata.armBitRevIndexTable_fixed_128
                0x0000000008002eb4       0xe0 /Users/eduardomunoz/Library/CloudStorage/OneDrive-CalPoly/college/Spring 2023/RTOS/5_FFT_DMA/Drivers/CMSIS/Lib/GCC/libarm_cortexM4lf_math.a(arm_common_tables.o)
                0x0000000008002eb4                armBitRevIndexTable_fixed_128
 .rodata.armBitRevIndexTable_fixed_16
                0x0000000008002f94       0x18 /Users/eduardomunoz/Library/CloudStorage/OneDrive-CalPoly/college/Spring 2023/RTOS/5_FFT_DMA/Drivers/CMSIS/Lib/GCC/libarm_cortexM4lf_math.a(arm_common_tables.o)
                0x0000000008002f94                armBitRevIndexTable_fixed_16
 .rodata.armBitRevIndexTable_fixed_2048
                0x0000000008002fac      0xf80 /Users/eduardomunoz/Library/CloudStorage/OneDrive-CalPoly/college/Spring 2023/RTOS/5_FFT_DMA/Drivers/CMSIS/Lib/GCC/libarm_cortexM4lf_math.a(arm_common_tables.o)
                0x0000000008002fac                armBitRevIndexTable_fixed_2048
 .rodata.armBitRevIndexTable_fixed_256
                0x0000000008003f2c      0x1e0 /Users/eduardomunoz/Library/CloudStorage/OneDrive-CalPoly/college/Spring 2023/RTOS/5_FFT_DMA/Drivers/CMSIS/Lib/GCC/libarm_cortexM4lf_math.a(arm_common_tables.o)
                0x0000000008003f2c                armBitRevIndexTable_fixed_256
 .rodata.armBitRevIndexTable_fixed_32
                0x000000000800410c       0x30 /Users/eduardomunoz/Library/CloudStorage/OneDrive-CalPoly/college/Spring 2023/RTOS/5_FFT_DMA/Drivers/CMSIS/Lib/GCC/libarm_cortexM4lf_math.a(arm_common_tables.o)
                0x000000000800410c                armBitRevIndexTable_fixed_32
 .rodata.armBitRevIndexTable_fixed_4096
                0x000000000800413c     0x1f80 /Users/eduardomunoz/Library/CloudStorage/OneDrive-CalPoly/college/Spring 2023/RTOS/5_FFT_DMA/Drivers/CMSIS/Lib/GCC/libarm_cortexM4lf_math.a(arm_common_tables.o)
                0x000000000800413c                armBitRevIndexTable_fixed_4096
 .rodata.armBitRevIndexTable_fixed_512
                0x00000000080060bc      0x3c0 /Users/eduardomunoz/Library/CloudStorage/OneDrive-CalPoly/college/Spring 2023/RTOS/5_FFT_DMA/Drivers/CMSIS/Lib/GCC/libarm_cortexM4lf_math.a(arm_common_tables.o)
                0x00000000080060bc                armBitRevIndexTable_fixed_512
 .rodata.armBitRevIndexTable_fixed_64
                0x000000000800647c       0x70 /Users/eduardomunoz/Library/CloudStorage/OneDrive-CalPoly/college/Spring 2023/RTOS/5_FFT_DMA/Drivers/CMSIS/Lib/GCC/libarm_cortexM4lf_math.a(arm_common_tables.o)
                0x000000000800647c                armBitRevIndexTable_fixed_64
 .rodata.realCoefAQ15
                0x00000000080064ec     0x4000 /Users/eduardomunoz/Library/CloudStorage/OneDrive-CalPoly/college/Spring 2023/RTOS/5_FFT_DMA/Drivers/CMSIS/Lib/GCC/libarm_cortexM4lf_math.a(arm_common_tables.o)
                0x00000000080064ec                realCoefAQ15
 .rodata.realCoefBQ15
                0x000000000800a4ec     0x4000 /Users/eduardomunoz/Library/CloudStorage/OneDrive-CalPoly/college/Spring 2023/RTOS/5_FFT_DMA/Drivers/CMSIS/Lib/GCC/libarm_cortexM4lf_math.a(arm_common_tables.o)
                0x000000000800a4ec                realCoefBQ15
 .rodata.twiddleCoef_1024_q15
                0x000000000800e4ec      0xc00 /Users/eduardomunoz/Library/CloudStorage/OneDrive-CalPoly/college/Spring 2023/RTOS/5_FFT_DMA/Drivers/CMSIS/Lib/GCC/libarm_cortexM4lf_math.a(arm_common_tables.o)
                0x000000000800e4ec                twiddleCoef_1024_q15
 .rodata.twiddleCoef_128_q15
                0x000000000800f0ec      0x180 /Users/eduardomunoz/Library/CloudStorage/OneDrive-CalPoly/college/Spring 2023/RTOS/5_FFT_DMA/Drivers/CMSIS/Lib/GCC/libarm_cortexM4lf_math.a(arm_common_tables.o)
                0x000000000800f0ec                twiddleCoef_128_q15
 .rodata.twiddleCoef_16_q15
                0x000000000800f26c       0x30 /Users/eduardomunoz/Library/CloudStorage/OneDrive-CalPoly/college/Spring 2023/RTOS/5_FFT_DMA/Drivers/CMSIS/Lib/GCC/libarm_cortexM4lf_math.a(arm_common_tables.o)
                0x000000000800f26c                twiddleCoef_16_q15
 .rodata.twiddleCoef_2048_q15
                0x000000000800f29c     0x1800 /Users/eduardomunoz/Library/CloudStorage/OneDrive-CalPoly/college/Spring 2023/RTOS/5_FFT_DMA/Drivers/CMSIS/Lib/GCC/libarm_cortexM4lf_math.a(arm_common_tables.o)
                0x000000000800f29c                twiddleCoef_2048_q15
 .rodata.twiddleCoef_256_q15
                0x0000000008010a9c      0x300 /Users/eduardomunoz/Library/CloudStorage/OneDrive-CalPoly/college/Spring 2023/RTOS/5_FFT_DMA/Drivers/CMSIS/Lib/GCC/libarm_cortexM4lf_math.a(arm_common_tables.o)
                0x0000000008010a9c                twiddleCoef_256_q15
 .rodata.twiddleCoef_32_q15
                0x0000000008010d9c       0x60 /Users/eduardomunoz/Library/CloudStorage/OneDrive-CalPoly/college/Spring 2023/RTOS/5_FFT_DMA/Drivers/CMSIS/Lib/GCC/libarm_cortexM4lf_math.a(arm_common_tables.o)
                0x0000000008010d9c                twiddleCoef_32_q15
 .rodata.twiddleCoef_4096_q15
                0x0000000008010dfc     0x3000 /Users/eduardomunoz/Library/CloudStorage/OneDrive-CalPoly/college/Spring 2023/RTOS/5_FFT_DMA/Drivers/CMSIS/Lib/GCC/libarm_cortexM4lf_math.a(arm_common_tables.o)
                0x0000000008010dfc                twiddleCoef_4096_q15
 .rodata.twiddleCoef_512_q15
                0x0000000008013dfc      0x600 /Users/eduardomunoz/Library/CloudStorage/OneDrive-CalPoly/college/Spring 2023/RTOS/5_FFT_DMA/Drivers/CMSIS/Lib/GCC/libarm_cortexM4lf_math.a(arm_common_tables.o)
                0x0000000008013dfc                twiddleCoef_512_q15
 .rodata.twiddleCoef_64_q15
                0x00000000080143fc       0xc0 /Users/eduardomunoz/Library/CloudStorage/OneDrive-CalPoly/college/Spring 2023/RTOS/5_FFT_DMA/Drivers/CMSIS/Lib/GCC/libarm_cortexM4lf_math.a(arm_common_tables.o)
                0x00000000080143fc                twiddleCoef_64_q15
 .rodata.__utoa.str1.1
                0x00000000080144bc       0x25 /Applications/STM32CubeIDE.app/Contents/Eclipse/plugins/com.st.stm32cube.ide.mcu.externaltools.gnu-tools-for-stm32.9-2020-q2-update.macos64_2.0.0.202105311346/tools/bin/../lib/gcc/arm-none-eabi/9.3.1/../../../../arm-none-eabi/lib/thumb/v7e-m+fp/hard/libc_nano.a(lib_a-utoa.o)
                0x00000000080144e4                . = ALIGN (0x4)
 *fill*         0x00000000080144e1        0x3 

.rel.dyn        0x00000000080144e4        0x0
 .rel.iplt      0x00000000080144e4        0x0 /Applications/STM32CubeIDE.app/Contents/Eclipse/plugins/com.st.stm32cube.ide.mcu.externaltools.gnu-tools-for-stm32.9-2020-q2-update.macos64_2.0.0.202105311346/tools/bin/../lib/gcc/arm-none-eabi/9.3.1/thumb/v7e-m+fp/hard/crtbegin.o

.ARM.extab      0x00000000080144e4        0x0
                0x00000000080144e4                . = ALIGN (0x4)
 *(.ARM.extab* .gnu.linkonce.armextab.*)
                0x00000000080144e4                . = ALIGN (0x4)

.ARM            0x00000000080144e4        0x0
                0x00000000080144e4                . = ALIGN (0x4)
                0x00000000080144e4                __exidx_start = .
 *(.ARM.exidx*)
                0x00000000080144e4                __exidx_end = .
                0x00000000080144e4                . = ALIGN (0x4)

.preinit_array  0x00000000080144e4        0x0
                0x00000000080144e4                . = ALIGN (0x4)
                0x00000000080144e4                PROVIDE (__preinit_array_start = .)
 *(.preinit_array*)
                0x00000000080144e4                PROVIDE (__preinit_array_end = .)
                0x00000000080144e4                . = ALIGN (0x4)

.init_array     0x00000000080144e4        0x4
                0x00000000080144e4                . = ALIGN (0x4)
                0x00000000080144e4                PROVIDE (__init_array_start = .)
 *(SORT_BY_NAME(.init_array.*))
 *(.init_array*)
 .init_array    0x00000000080144e4        0x4 /Applications/STM32CubeIDE.app/Contents/Eclipse/plugins/com.st.stm32cube.ide.mcu.externaltools.gnu-tools-for-stm32.9-2020-q2-update.macos64_2.0.0.202105311346/tools/bin/../lib/gcc/arm-none-eabi/9.3.1/thumb/v7e-m+fp/hard/crtbegin.o
                0x00000000080144e8                PROVIDE (__init_array_end = .)
                0x00000000080144e8                . = ALIGN (0x4)

.fini_array     0x00000000080144e8        0x4
                0x00000000080144e8                . = ALIGN (0x4)
                [!provide]                        PROVIDE (__fini_array_start = .)
 *(SORT_BY_NAME(.fini_array.*))
 *(.fini_array*)
 .fini_array    0x00000000080144e8        0x4 /Applications/STM32CubeIDE.app/Contents/Eclipse/plugins/com.st.stm32cube.ide.mcu.externaltools.gnu-tools-for-stm32.9-2020-q2-update.macos64_2.0.0.202105311346/tools/bin/../lib/gcc/arm-none-eabi/9.3.1/thumb/v7e-m+fp/hard/crtbegin.o
                [!provide]                        PROVIDE (__fini_array_end = .)
                0x00000000080144ec                . = ALIGN (0x4)
                0x00000000080144ec                _sidata = LOADADDR (.data)

.data           0x0000000020000000        0xc load address 0x00000000080144ec
                0x0000000020000000                . = ALIGN (0x4)
                0x0000000020000000                _sdata = .
 *(.data)
 *(.data*)
 .data.SystemCoreClock
                0x0000000020000000        0x4 ./Core/Src/system_stm32l4xx.o
                0x0000000020000000                SystemCoreClock
 .data.uwTickPrio
                0x0000000020000004        0x4 ./Drivers/STM32L4xx_HAL_Driver/Src/stm32l4xx_hal.o
                0x0000000020000004                uwTickPrio
 .data.uwTickFreq
                0x0000000020000008        0x1 ./Drivers/STM32L4xx_HAL_Driver/Src/stm32l4xx_hal.o
                0x0000000020000008                uwTickFreq
 *(.RamFunc)
 *(.RamFunc*)
                0x000000002000000c                . = ALIGN (0x4)
 *fill*         0x0000000020000009        0x3 
                0x000000002000000c                _edata = .

.igot.plt       0x000000002000000c        0x0 load address 0x00000000080144f8
 .igot.plt      0x000000002000000c        0x0 /Applications/STM32CubeIDE.app/Contents/Eclipse/plugins/com.st.stm32cube.ide.mcu.externaltools.gnu-tools-for-stm32.9-2020-q2-update.macos64_2.0.0.202105311346/tools/bin/../lib/gcc/arm-none-eabi/9.3.1/thumb/v7e-m+fp/hard/crtbegin.o
                0x000000002000000c                . = ALIGN (0x4)

.bss            0x000000002000000c       0x20 load address 0x00000000080144f8
                0x000000002000000c                _sbss = .
                0x000000002000000c                __bss_start__ = _sbss
 *(.bss)
 .bss           0x000000002000000c       0x1c /Applications/STM32CubeIDE.app/Contents/Eclipse/plugins/com.st.stm32cube.ide.mcu.externaltools.gnu-tools-for-stm32.9-2020-q2-update.macos64_2.0.0.202105311346/tools/bin/../lib/gcc/arm-none-eabi/9.3.1/thumb/v7e-m+fp/hard/crtbegin.o
 *(.bss*)
 *(COMMON)
 COMMON         0x0000000020000028        0x4 ./Drivers/STM32L4xx_HAL_Driver/Src/stm32l4xx_hal.o
                0x0000000020000028                uwTick
                0x000000002000002c                . = ALIGN (0x4)
                0x000000002000002c                _ebss = .
                0x000000002000002c                __bss_end__ = _ebss

._user_heap_stack
                0x000000002000002c      0x604 load address 0x00000000080144f8
                0x0000000020000030                . = ALIGN (0x8)
 *fill*         0x000000002000002c        0x4 
                [!provide]                        PROVIDE (end = .)
                0x0000000020000030                PROVIDE (_end = .)
                0x0000000020000230                . = (. + _Min_Heap_Size)
 *fill*         0x0000000020000030      0x200 
                0x0000000020000630                . = (. + _Min_Stack_Size)
 *fill*         0x0000000020000230      0x400 
                0x0000000020000630                . = ALIGN (0x8)

/DISCARD/
 libc.a(*)
 libm.a(*)
 libgcc.a(*)

.ARM.attributes
                0x0000000000000000       0x30
 *(.ARM.attributes)
 .ARM.attributes
                0x0000000000000000       0x1e /Applications/STM32CubeIDE.app/Contents/Eclipse/plugins/com.st.stm32cube.ide.mcu.externaltools.gnu-tools-for-stm32.9-2020-q2-update.macos64_2.0.0.202105311346/tools/bin/../lib/gcc/arm-none-eabi/9.3.1/thumb/v7e-m+fp/hard/crti.o
 .ARM.attributes
                0x000000000000001e       0x34 /Applications/STM32CubeIDE.app/Contents/Eclipse/plugins/com.st.stm32cube.ide.mcu.externaltools.gnu-tools-for-stm32.9-2020-q2-update.macos64_2.0.0.202105311346/tools/bin/../lib/gcc/arm-none-eabi/9.3.1/thumb/v7e-m+fp/hard/crtbegin.o
 .ARM.attributes
                0x0000000000000052       0x34 ./Core/Src/ADC.o
 .ARM.attributes
                0x0000000000000086       0x34 ./Core/Src/DMA.o
 .ARM.attributes
                0x00000000000000ba       0x34 ./Core/Src/GPIO.o
 .ARM.attributes
                0x00000000000000ee       0x34 ./Core/Src/UART.o
 .ARM.attributes
                0x0000000000000122       0x34 ./Core/Src/main.o
 .ARM.attributes
                0x0000000000000156       0x34 ./Core/Src/stm32l4xx_hal_msp.o
 .ARM.attributes
                0x000000000000018a       0x34 ./Core/Src/stm32l4xx_it.o
 .ARM.attributes
                0x00000000000001be       0x34 ./Core/Src/system_stm32l4xx.o
 .ARM.attributes
                0x00000000000001f2       0x34 ./Core/Src/timer.o
 .ARM.attributes
                0x0000000000000226       0x21 ./Core/Startup/startup_stm32l476rgtx.o
 .ARM.attributes
                0x0000000000000247       0x34 ./Drivers/STM32L4xx_HAL_Driver/Src/stm32l4xx_hal.o
 .ARM.attributes
                0x000000000000027b       0x34 ./Drivers/STM32L4xx_HAL_Driver/Src/stm32l4xx_hal_cortex.o
 .ARM.attributes
                0x00000000000002af       0x34 ./Drivers/STM32L4xx_HAL_Driver/Src/stm32l4xx_hal_pwr_ex.o
 .ARM.attributes
                0x00000000000002e3       0x34 ./Drivers/STM32L4xx_HAL_Driver/Src/stm32l4xx_hal_rcc.o
 .ARM.attributes
                0x0000000000000317       0x34 /Users/eduardomunoz/Library/CloudStorage/OneDrive-CalPoly/college/Spring 2023/RTOS/5_FFT_DMA/Drivers/CMSIS/Lib/GCC/libarm_cortexM4lf_math.a(arm_max_q15.o)
 .ARM.attributes
                0x000000000000034b       0x34 /Users/eduardomunoz/Library/CloudStorage/OneDrive-CalPoly/college/Spring 2023/RTOS/5_FFT_DMA/Drivers/CMSIS/Lib/GCC/libarm_cortexM4lf_math.a(arm_rfft_q15.o)
 .ARM.attributes
                0x000000000000037f       0x34 /Users/eduardomunoz/Library/CloudStorage/OneDrive-CalPoly/college/Spring 2023/RTOS/5_FFT_DMA/Drivers/CMSIS/Lib/GCC/libarm_cortexM4lf_math.a(arm_rfft_init_q15.o)
 .ARM.attributes
                0x00000000000003b3       0x39 /Users/eduardomunoz/Library/CloudStorage/OneDrive-CalPoly/college/Spring 2023/RTOS/5_FFT_DMA/Drivers/CMSIS/Lib/GCC/libarm_cortexM4lf_math.a(arm_const_structs.o)
 .ARM.attributes
                0x00000000000003ec       0x39 /Users/eduardomunoz/Library/CloudStorage/OneDrive-CalPoly/college/Spring 2023/RTOS/5_FFT_DMA/Drivers/CMSIS/Lib/GCC/libarm_cortexM4lf_math.a(arm_common_tables.o)
 .ARM.attributes
                0x0000000000000425       0x34 /Users/eduardomunoz/Library/CloudStorage/OneDrive-CalPoly/college/Spring 2023/RTOS/5_FFT_DMA/Drivers/CMSIS/Lib/GCC/libarm_cortexM4lf_math.a(arm_cfft_q15.o)
 .ARM.attributes
                0x0000000000000459       0x34 /Users/eduardomunoz/Library/CloudStorage/OneDrive-CalPoly/college/Spring 2023/RTOS/5_FFT_DMA/Drivers/CMSIS/Lib/GCC/libarm_cortexM4lf_math.a(arm_cfft_radix4_q15.o)
 .ARM.attributes
                0x000000000000048d       0x34 /Users/eduardomunoz/Library/CloudStorage/OneDrive-CalPoly/college/Spring 2023/RTOS/5_FFT_DMA/Drivers/CMSIS/Lib/GCC/libarm_cortexM4lf_math.a(arm_bitreversal2.o)
 .ARM.attributes
                0x00000000000004c1       0x34 /Applications/STM32CubeIDE.app/Contents/Eclipse/plugins/com.st.stm32cube.ide.mcu.externaltools.gnu-tools-for-stm32.9-2020-q2-update.macos64_2.0.0.202105311346/tools/bin/../lib/gcc/arm-none-eabi/9.3.1/../../../../arm-none-eabi/lib/thumb/v7e-m+fp/hard/libc_nano.a(lib_a-init.o)
 .ARM.attributes
                0x00000000000004f5       0x34 /Applications/STM32CubeIDE.app/Contents/Eclipse/plugins/com.st.stm32cube.ide.mcu.externaltools.gnu-tools-for-stm32.9-2020-q2-update.macos64_2.0.0.202105311346/tools/bin/../lib/gcc/arm-none-eabi/9.3.1/../../../../arm-none-eabi/lib/thumb/v7e-m+fp/hard/libc_nano.a(lib_a-itoa.o)
 .ARM.attributes
                0x0000000000000529       0x34 /Applications/STM32CubeIDE.app/Contents/Eclipse/plugins/com.st.stm32cube.ide.mcu.externaltools.gnu-tools-for-stm32.9-2020-q2-update.macos64_2.0.0.202105311346/tools/bin/../lib/gcc/arm-none-eabi/9.3.1/../../../../arm-none-eabi/lib/thumb/v7e-m+fp/hard/libc_nano.a(lib_a-memset.o)
 .ARM.attributes
                0x000000000000055d       0x17 /Applications/STM32CubeIDE.app/Contents/Eclipse/plugins/com.st.stm32cube.ide.mcu.externaltools.gnu-tools-for-stm32.9-2020-q2-update.macos64_2.0.0.202105311346/tools/bin/../lib/gcc/arm-none-eabi/9.3.1/../../../../arm-none-eabi/lib/thumb/v7e-m+fp/hard/libc_nano.a(lib_a-strlen.o)
 .ARM.attributes
                0x0000000000000574       0x34 /Applications/STM32CubeIDE.app/Contents/Eclipse/plugins/com.st.stm32cube.ide.mcu.externaltools.gnu-tools-for-stm32.9-2020-q2-update.macos64_2.0.0.202105311346/tools/bin/../lib/gcc/arm-none-eabi/9.3.1/../../../../arm-none-eabi/lib/thumb/v7e-m+fp/hard/libc_nano.a(lib_a-utoa.o)
 .ARM.attributes
                0x00000000000005a8       0x1e /Applications/STM32CubeIDE.app/Contents/Eclipse/plugins/com.st.stm32cube.ide.mcu.externaltools.gnu-tools-for-stm32.9-2020-q2-update.macos64_2.0.0.202105311346/tools/bin/../lib/gcc/arm-none-eabi/9.3.1/thumb/v7e-m+fp/hard/crtn.o
OUTPUT(P1_FFT_SA.elf elf32-littlearm)
LOAD linker stubs
LOAD /Applications/STM32CubeIDE.app/Contents/Eclipse/plugins/com.st.stm32cube.ide.mcu.externaltools.gnu-tools-for-stm32.9-2020-q2-update.macos64_2.0.0.202105311346/tools/bin/../lib/gcc/arm-none-eabi/9.3.1/../../../../arm-none-eabi/lib/thumb/v7e-m+fp/hard/libc.a
LOAD /Applications/STM32CubeIDE.app/Contents/Eclipse/plugins/com.st.stm32cube.ide.mcu.externaltools.gnu-tools-for-stm32.9-2020-q2-update.macos64_2.0.0.202105311346/tools/bin/../lib/gcc/arm-none-eabi/9.3.1/../../../../arm-none-eabi/lib/thumb/v7e-m+fp/hard/libm.a
LOAD /Applications/STM32CubeIDE.app/Contents/Eclipse/plugins/com.st.stm32cube.ide.mcu.externaltools.gnu-tools-for-stm32.9-2020-q2-update.macos64_2.0.0.202105311346/tools/bin/../lib/gcc/arm-none-eabi/9.3.1/thumb/v7e-m+fp/hard/libgcc.a

.debug_info     0x0000000000000000    0x18f94
 .debug_info    0x0000000000000000      0x824 ./Core/Src/ADC.o
 .debug_info    0x0000000000000824     0x154f ./Core/Src/DMA.o
 .debug_info    0x0000000000001d73      0x5d5 ./Core/Src/GPIO.o
 .debug_info    0x0000000000002348     0x13ee ./Core/Src/UART.o
 .debug_info    0x0000000000003736     0x1cdf ./Core/Src/main.o
 .debug_info    0x0000000000005415      0x545 ./Core/Src/stm32l4xx_hal_msp.o
 .debug_info    0x000000000000595a      0x373 ./Core/Src/stm32l4xx_it.o
 .debug_info    0x0000000000005ccd      0x772 ./Core/Src/system_stm32l4xx.o
 .debug_info    0x000000000000643f      0x691 ./Core/Src/timer.o
 .debug_info    0x0000000000006ad0       0x22 ./Core/Startup/startup_stm32l476rgtx.o
 .debug_info    0x0000000000006af2      0xcb9 ./Drivers/STM32L4xx_HAL_Driver/Src/stm32l4xx_hal.o
 .debug_info    0x00000000000077ab     0x102e ./Drivers/STM32L4xx_HAL_Driver/Src/stm32l4xx_hal_cortex.o
 .debug_info    0x00000000000087d9      0xc00 ./Drivers/STM32L4xx_HAL_Driver/Src/stm32l4xx_hal_pwr_ex.o
 .debug_info    0x00000000000093d9      0xe37 ./Drivers/STM32L4xx_HAL_Driver/Src/stm32l4xx_hal_rcc.o
 .debug_info    0x000000000000a210      0xb5a /Users/eduardomunoz/Library/CloudStorage/OneDrive-CalPoly/college/Spring 2023/RTOS/5_FFT_DMA/Drivers/CMSIS/Lib/GCC/libarm_cortexM4lf_math.a(arm_max_q15.o)
 .debug_info    0x000000000000ad6a     0x1f4d /Users/eduardomunoz/Library/CloudStorage/OneDrive-CalPoly/college/Spring 2023/RTOS/5_FFT_DMA/Drivers/CMSIS/Lib/GCC/libarm_cortexM4lf_math.a(arm_rfft_q15.o)
 .debug_info    0x000000000000ccb7     0x198e /Users/eduardomunoz/Library/CloudStorage/OneDrive-CalPoly/college/Spring 2023/RTOS/5_FFT_DMA/Drivers/CMSIS/Lib/GCC/libarm_cortexM4lf_math.a(arm_rfft_init_q15.o)
 .debug_info    0x000000000000e645     0x1d16 /Users/eduardomunoz/Library/CloudStorage/OneDrive-CalPoly/college/Spring 2023/RTOS/5_FFT_DMA/Drivers/CMSIS/Lib/GCC/libarm_cortexM4lf_math.a(arm_const_structs.o)
 .debug_info    0x000000000001035b     0x1a84 /Users/eduardomunoz/Library/CloudStorage/OneDrive-CalPoly/college/Spring 2023/RTOS/5_FFT_DMA/Drivers/CMSIS/Lib/GCC/libarm_cortexM4lf_math.a(arm_common_tables.o)
 .debug_info    0x0000000000011ddf     0x188b /Users/eduardomunoz/Library/CloudStorage/OneDrive-CalPoly/college/Spring 2023/RTOS/5_FFT_DMA/Drivers/CMSIS/Lib/GCC/libarm_cortexM4lf_math.a(arm_cfft_q15.o)
 .debug_info    0x000000000001366a     0x4284 /Users/eduardomunoz/Library/CloudStorage/OneDrive-CalPoly/college/Spring 2023/RTOS/5_FFT_DMA/Drivers/CMSIS/Lib/GCC/libarm_cortexM4lf_math.a(arm_cfft_radix4_q15.o)
 .debug_info    0x00000000000178ee     0x16a6 /Users/eduardomunoz/Library/CloudStorage/OneDrive-CalPoly/college/Spring 2023/RTOS/5_FFT_DMA/Drivers/CMSIS/Lib/GCC/libarm_cortexM4lf_math.a(arm_bitreversal2.o)

.debug_abbrev   0x0000000000000000     0x2d57
 .debug_abbrev  0x0000000000000000      0x129 ./Core/Src/ADC.o
 .debug_abbrev  0x0000000000000129      0x26b ./Core/Src/DMA.o
 .debug_abbrev  0x0000000000000394      0x116 ./Core/Src/GPIO.o
 .debug_abbrev  0x00000000000004aa      0x2b2 ./Core/Src/UART.o
 .debug_abbrev  0x000000000000075c      0x26d ./Core/Src/main.o
 .debug_abbrev  0x00000000000009c9      0x13d ./Core/Src/stm32l4xx_hal_msp.o
 .debug_abbrev  0x0000000000000b06       0xf2 ./Core/Src/stm32l4xx_it.o
 .debug_abbrev  0x0000000000000bf8      0x165 ./Core/Src/system_stm32l4xx.o
 .debug_abbrev  0x0000000000000d5d      0x116 ./Core/Src/timer.o
 .debug_abbrev  0x0000000000000e73       0x12 ./Core/Startup/startup_stm32l476rgtx.o
 .debug_abbrev  0x0000000000000e85      0x227 ./Drivers/STM32L4xx_HAL_Driver/Src/stm32l4xx_hal.o
 .debug_abbrev  0x00000000000010ac      0x33c ./Drivers/STM32L4xx_HAL_Driver/Src/stm32l4xx_hal_cortex.o
 .debug_abbrev  0x00000000000013e8      0x1f3 ./Drivers/STM32L4xx_HAL_Driver/Src/stm32l4xx_hal_pwr_ex.o
 .debug_abbrev  0x00000000000015db      0x275 ./Drivers/STM32L4xx_HAL_Driver/Src/stm32l4xx_hal_rcc.o
 .debug_abbrev  0x0000000000001850      0x212 /Users/eduardomunoz/Library/CloudStorage/OneDrive-CalPoly/college/Spring 2023/RTOS/5_FFT_DMA/Drivers/CMSIS/Lib/GCC/libarm_cortexM4lf_math.a(arm_max_q15.o)
 .debug_abbrev  0x0000000000001a62      0x3d1 /Users/eduardomunoz/Library/CloudStorage/OneDrive-CalPoly/college/Spring 2023/RTOS/5_FFT_DMA/Drivers/CMSIS/Lib/GCC/libarm_cortexM4lf_math.a(arm_rfft_q15.o)
 .debug_abbrev  0x0000000000001e33      0x230 /Users/eduardomunoz/Library/CloudStorage/OneDrive-CalPoly/college/Spring 2023/RTOS/5_FFT_DMA/Drivers/CMSIS/Lib/GCC/libarm_cortexM4lf_math.a(arm_rfft_init_q15.o)
 .debug_abbrev  0x0000000000002063      0x201 /Users/eduardomunoz/Library/CloudStorage/OneDrive-CalPoly/college/Spring 2023/RTOS/5_FFT_DMA/Drivers/CMSIS/Lib/GCC/libarm_cortexM4lf_math.a(arm_const_structs.o)
 .debug_abbrev  0x0000000000002264      0x1dd /Users/eduardomunoz/Library/CloudStorage/OneDrive-CalPoly/college/Spring 2023/RTOS/5_FFT_DMA/Drivers/CMSIS/Lib/GCC/libarm_cortexM4lf_math.a(arm_common_tables.o)
 .debug_abbrev  0x0000000000002441      0x353 /Users/eduardomunoz/Library/CloudStorage/OneDrive-CalPoly/college/Spring 2023/RTOS/5_FFT_DMA/Drivers/CMSIS/Lib/GCC/libarm_cortexM4lf_math.a(arm_cfft_q15.o)
 .debug_abbrev  0x0000000000002794      0x3bd /Users/eduardomunoz/Library/CloudStorage/OneDrive-CalPoly/college/Spring 2023/RTOS/5_FFT_DMA/Drivers/CMSIS/Lib/GCC/libarm_cortexM4lf_math.a(arm_cfft_radix4_q15.o)
 .debug_abbrev  0x0000000000002b51      0x206 /Users/eduardomunoz/Library/CloudStorage/OneDrive-CalPoly/college/Spring 2023/RTOS/5_FFT_DMA/Drivers/CMSIS/Lib/GCC/libarm_cortexM4lf_math.a(arm_bitreversal2.o)

.debug_aranges  0x0000000000000000      0x730
 .debug_aranges
                0x0000000000000000       0x20 ./Core/Src/ADC.o
 .debug_aranges
                0x0000000000000020       0x38 ./Core/Src/DMA.o
 .debug_aranges
                0x0000000000000058       0x20 ./Core/Src/GPIO.o
 .debug_aranges
                0x0000000000000078       0x38 ./Core/Src/UART.o
 .debug_aranges
                0x00000000000000b0       0x30 ./Core/Src/main.o
 .debug_aranges
                0x00000000000000e0       0x20 ./Core/Src/stm32l4xx_hal_msp.o
 .debug_aranges
                0x0000000000000100       0x60 ./Core/Src/stm32l4xx_it.o
 .debug_aranges
                0x0000000000000160       0x28 ./Core/Src/system_stm32l4xx.o
 .debug_aranges
                0x0000000000000188       0x20 ./Core/Src/timer.o
 .debug_aranges
                0x00000000000001a8       0x28 ./Core/Startup/startup_stm32l476rgtx.o
 .debug_aranges
                0x00000000000001d0      0x130 ./Drivers/STM32L4xx_HAL_Driver/Src/stm32l4xx_hal.o
 .debug_aranges
                0x0000000000000300      0x118 ./Drivers/STM32L4xx_HAL_Driver/Src/stm32l4xx_hal_cortex.o
 .debug_aranges
                0x0000000000000418      0x160 ./Drivers/STM32L4xx_HAL_Driver/Src/stm32l4xx_hal_pwr_ex.o
 .debug_aranges
                0x0000000000000578       0x90 ./Drivers/STM32L4xx_HAL_Driver/Src/stm32l4xx_hal_rcc.o
 .debug_aranges
                0x0000000000000608       0x20 /Users/eduardomunoz/Library/CloudStorage/OneDrive-CalPoly/college/Spring 2023/RTOS/5_FFT_DMA/Drivers/CMSIS/Lib/GCC/libarm_cortexM4lf_math.a(arm_max_q15.o)
 .debug_aranges
                0x0000000000000628       0x30 /Users/eduardomunoz/Library/CloudStorage/OneDrive-CalPoly/college/Spring 2023/RTOS/5_FFT_DMA/Drivers/CMSIS/Lib/GCC/libarm_cortexM4lf_math.a(arm_rfft_q15.o)
 .debug_aranges
                0x0000000000000658       0x20 /Users/eduardomunoz/Library/CloudStorage/OneDrive-CalPoly/college/Spring 2023/RTOS/5_FFT_DMA/Drivers/CMSIS/Lib/GCC/libarm_cortexM4lf_math.a(arm_rfft_init_q15.o)
 .debug_aranges
                0x0000000000000678       0x18 /Users/eduardomunoz/Library/CloudStorage/OneDrive-CalPoly/college/Spring 2023/RTOS/5_FFT_DMA/Drivers/CMSIS/Lib/GCC/libarm_cortexM4lf_math.a(arm_const_structs.o)
 .debug_aranges
                0x0000000000000690       0x18 /Users/eduardomunoz/Library/CloudStorage/OneDrive-CalPoly/college/Spring 2023/RTOS/5_FFT_DMA/Drivers/CMSIS/Lib/GCC/libarm_cortexM4lf_math.a(arm_common_tables.o)
 .debug_aranges
                0x00000000000006a8       0x30 /Users/eduardomunoz/Library/CloudStorage/OneDrive-CalPoly/college/Spring 2023/RTOS/5_FFT_DMA/Drivers/CMSIS/Lib/GCC/libarm_cortexM4lf_math.a(arm_cfft_q15.o)
 .debug_aranges
                0x00000000000006d8       0x30 /Users/eduardomunoz/Library/CloudStorage/OneDrive-CalPoly/college/Spring 2023/RTOS/5_FFT_DMA/Drivers/CMSIS/Lib/GCC/libarm_cortexM4lf_math.a(arm_cfft_radix4_q15.o)
 .debug_aranges
                0x0000000000000708       0x28 /Users/eduardomunoz/Library/CloudStorage/OneDrive-CalPoly/college/Spring 2023/RTOS/5_FFT_DMA/Drivers/CMSIS/Lib/GCC/libarm_cortexM4lf_math.a(arm_bitreversal2.o)

.debug_ranges   0x0000000000000000      0xc90
 .debug_ranges  0x0000000000000000       0x10 ./Core/Src/ADC.o
 .debug_ranges  0x0000000000000010       0x28 ./Core/Src/DMA.o
 .debug_ranges  0x0000000000000038       0x10 ./Core/Src/GPIO.o
 .debug_ranges  0x0000000000000048       0x28 ./Core/Src/UART.o
 .debug_ranges  0x0000000000000070       0x20 ./Core/Src/main.o
 .debug_ranges  0x0000000000000090       0x10 ./Core/Src/stm32l4xx_hal_msp.o
 .debug_ranges  0x00000000000000a0       0x50 ./Core/Src/stm32l4xx_it.o
 .debug_ranges  0x00000000000000f0       0x18 ./Core/Src/system_stm32l4xx.o
 .debug_ranges  0x0000000000000108       0x10 ./Core/Src/timer.o
 .debug_ranges  0x0000000000000118       0x20 ./Core/Startup/startup_stm32l476rgtx.o
 .debug_ranges  0x0000000000000138      0x120 ./Drivers/STM32L4xx_HAL_Driver/Src/stm32l4xx_hal.o
 .debug_ranges  0x0000000000000258      0x108 ./Drivers/STM32L4xx_HAL_Driver/Src/stm32l4xx_hal_cortex.o
 .debug_ranges  0x0000000000000360      0x150 ./Drivers/STM32L4xx_HAL_Driver/Src/stm32l4xx_hal_pwr_ex.o
 .debug_ranges  0x00000000000004b0       0x80 ./Drivers/STM32L4xx_HAL_Driver/Src/stm32l4xx_hal_rcc.o
 .debug_ranges  0x0000000000000530       0x10 /Users/eduardomunoz/Library/CloudStorage/OneDrive-CalPoly/college/Spring 2023/RTOS/5_FFT_DMA/Drivers/CMSIS/Lib/GCC/libarm_cortexM4lf_math.a(arm_max_q15.o)
 .debug_ranges  0x0000000000000540       0xc8 /Users/eduardomunoz/Library/CloudStorage/OneDrive-CalPoly/college/Spring 2023/RTOS/5_FFT_DMA/Drivers/CMSIS/Lib/GCC/libarm_cortexM4lf_math.a(arm_rfft_q15.o)
 .debug_ranges  0x0000000000000608       0x10 /Users/eduardomunoz/Library/CloudStorage/OneDrive-CalPoly/college/Spring 2023/RTOS/5_FFT_DMA/Drivers/CMSIS/Lib/GCC/libarm_cortexM4lf_math.a(arm_rfft_init_q15.o)
 .debug_ranges  0x0000000000000618      0x120 /Users/eduardomunoz/Library/CloudStorage/OneDrive-CalPoly/college/Spring 2023/RTOS/5_FFT_DMA/Drivers/CMSIS/Lib/GCC/libarm_cortexM4lf_math.a(arm_cfft_q15.o)
 .debug_ranges  0x0000000000000738      0x540 /Users/eduardomunoz/Library/CloudStorage/OneDrive-CalPoly/college/Spring 2023/RTOS/5_FFT_DMA/Drivers/CMSIS/Lib/GCC/libarm_cortexM4lf_math.a(arm_cfft_radix4_q15.o)
 .debug_ranges  0x0000000000000c78       0x18 /Users/eduardomunoz/Library/CloudStorage/OneDrive-CalPoly/college/Spring 2023/RTOS/5_FFT_DMA/Drivers/CMSIS/Lib/GCC/libarm_cortexM4lf_math.a(arm_bitreversal2.o)

.debug_macro    0x0000000000000000    0x25cfc
 .debug_macro   0x0000000000000000      0x1c5 ./Core/Src/ADC.o
 .debug_macro   0x00000000000001c5      0xaae ./Core/Src/ADC.o
 .debug_macro   0x0000000000000c73      0x1a1 ./Core/Src/ADC.o
 .debug_macro   0x0000000000000e14       0x2e ./Core/Src/ADC.o
 .debug_macro   0x0000000000000e42       0x28 ./Core/Src/ADC.o
 .debug_macro   0x0000000000000e6a       0x22 ./Core/Src/ADC.o
 .debug_macro   0x0000000000000e8c       0x8e ./Core/Src/ADC.o
 .debug_macro   0x0000000000000f1a       0x51 ./Core/Src/ADC.o
 .debug_macro   0x0000000000000f6b      0x103 ./Core/Src/ADC.o
 .debug_macro   0x000000000000106e       0x6a ./Core/Src/ADC.o
 .debug_macro   0x00000000000010d8      0x1df ./Core/Src/ADC.o
 .debug_macro   0x00000000000012b7       0x1c ./Core/Src/ADC.o
 .debug_macro   0x00000000000012d3       0x22 ./Core/Src/ADC.o
 .debug_macro   0x00000000000012f5      0x101 ./Core/Src/ADC.o
 .debug_macro   0x00000000000013f6     0x1011 ./Core/Src/ADC.o
 .debug_macro   0x0000000000002407      0x11f ./Core/Src/ADC.o
 .debug_macro   0x0000000000002526    0x1a17a ./Core/Src/ADC.o
 .debug_macro   0x000000000001c6a0       0x6d ./Core/Src/ADC.o
 .debug_macro   0x000000000001c70d     0x38e6 ./Core/Src/ADC.o
 .debug_macro   0x000000000001fff3      0x174 ./Core/Src/ADC.o
 .debug_macro   0x0000000000020167       0x5c ./Core/Src/ADC.o
 .debug_macro   0x00000000000201c3     0x159e ./Core/Src/ADC.o
 .debug_macro   0x0000000000021761      0x5a5 ./Core/Src/ADC.o
 .debug_macro   0x0000000000021d06      0x1b9 ./Core/Src/ADC.o
 .debug_macro   0x0000000000021ebf      0x18b ./Core/Src/ADC.o
 .debug_macro   0x000000000002204a      0x26b ./Core/Src/ADC.o
 .debug_macro   0x00000000000222b5      0x23d ./Core/Src/ADC.o
 .debug_macro   0x00000000000224f2      0x241 ./Core/Src/ADC.o
 .debug_macro   0x0000000000022733      0x37c ./Core/Src/ADC.o
 .debug_macro   0x0000000000022aaf       0xd6 ./Core/Src/ADC.o
 .debug_macro   0x0000000000022b85      0x22c ./Core/Src/ADC.o
 .debug_macro   0x0000000000022db1       0x61 ./Core/Src/ADC.o
 .debug_macro   0x0000000000022e12       0xa5 ./Core/Src/ADC.o
 .debug_macro   0x0000000000022eb7      0x122 ./Core/Src/ADC.o
 .debug_macro   0x0000000000022fd9      0x3ef ./Core/Src/ADC.o
 .debug_macro   0x00000000000233c8      0x330 ./Core/Src/ADC.o
 .debug_macro   0x00000000000236f8      0x2c6 ./Core/Src/DMA.o
 .debug_macro   0x00000000000239be       0x22 ./Core/Src/DMA.o
 .debug_macro   0x00000000000239e0       0x52 ./Core/Src/DMA.o
 .debug_macro   0x0000000000023a32       0x18 ./Core/Src/DMA.o
 .debug_macro   0x0000000000023a4a       0x3c ./Core/Src/DMA.o
 .debug_macro   0x0000000000023a86       0x34 ./Core/Src/DMA.o
 .debug_macro   0x0000000000023aba       0x16 ./Core/Src/DMA.o
 .debug_macro   0x0000000000023ad0       0x43 ./Core/Src/DMA.o
 .debug_macro   0x0000000000023b13       0x34 ./Core/Src/DMA.o
 .debug_macro   0x0000000000023b47       0x10 ./Core/Src/DMA.o
 .debug_macro   0x0000000000023b57       0x58 ./Core/Src/DMA.o
 .debug_macro   0x0000000000023baf       0x71 ./Core/Src/DMA.o
 .debug_macro   0x0000000000023c20       0x1c ./Core/Src/DMA.o
 .debug_macro   0x0000000000023c3c      0x12a ./Core/Src/DMA.o
 .debug_macro   0x0000000000023d66      0x333 ./Core/Src/DMA.o
 .debug_macro   0x0000000000024099       0x10 ./Core/Src/DMA.o
 .debug_macro   0x00000000000240a9       0x35 ./Core/Src/DMA.o
 .debug_macro   0x00000000000240de       0x20 ./Core/Src/DMA.o
 .debug_macro   0x00000000000240fe      0x1a9 ./Core/Src/DMA.o
 .debug_macro   0x00000000000242a7      0x201 ./Core/Src/DMA.o
 .debug_macro   0x00000000000244a8       0xc8 ./Core/Src/DMA.o
 .debug_macro   0x0000000000024570      0x1c5 ./Core/Src/GPIO.o
 .debug_macro   0x0000000000024735      0x2e2 ./Core/Src/UART.o
 .debug_macro   0x0000000000024a17       0x16 ./Core/Src/UART.o
 .debug_macro   0x0000000000024a2d       0x16 ./Core/Src/UART.o
 .debug_macro   0x0000000000024a43       0x16 ./Core/Src/UART.o
 .debug_macro   0x0000000000024a59       0x16 ./Core/Src/UART.o
 .debug_macro   0x0000000000024a6f       0x29 ./Core/Src/UART.o
 .debug_macro   0x0000000000024a98       0x16 ./Core/Src/UART.o
 .debug_macro   0x0000000000024aae      0x337 ./Core/Src/main.o
 .debug_macro   0x0000000000024de5       0x8e ./Core/Src/main.o
 .debug_macro   0x0000000000024e73       0x1c ./Core/Src/main.o
 .debug_macro   0x0000000000024e8f      0x1bb ./Core/Src/stm32l4xx_hal_msp.o
 .debug_macro   0x000000000002504a      0x1c5 ./Core/Src/stm32l4xx_it.o
 .debug_macro   0x000000000002520f      0x1b1 ./Core/Src/system_stm32l4xx.o
 .debug_macro   0x00000000000253c0      0x1c4 ./Core/Src/timer.o
 .debug_macro   0x0000000000025584      0x1ff ./Drivers/STM32L4xx_HAL_Driver/Src/stm32l4xx_hal.o
 .debug_macro   0x0000000000025783      0x1b1 ./Drivers/STM32L4xx_HAL_Driver/Src/stm32l4xx_hal_cortex.o
 .debug_macro   0x0000000000025934      0x1d5 ./Drivers/STM32L4xx_HAL_Driver/Src/stm32l4xx_hal_pwr_ex.o
 .debug_macro   0x0000000000025b09      0x1f3 ./Drivers/STM32L4xx_HAL_Driver/Src/stm32l4xx_hal_rcc.o

.debug_line     0x0000000000000000     0xc539
 .debug_line    0x0000000000000000      0x732 ./Core/Src/ADC.o
 .debug_line    0x0000000000000732      0x9c7 ./Core/Src/DMA.o
 .debug_line    0x00000000000010f9      0x6ce ./Core/Src/GPIO.o
 .debug_line    0x00000000000017c7      0x99a ./Core/Src/UART.o
 .debug_line    0x0000000000002161      0xa29 ./Core/Src/main.o
 .debug_line    0x0000000000002b8a      0x6c4 ./Core/Src/stm32l4xx_hal_msp.o
 .debug_line    0x000000000000324e      0x787 ./Core/Src/stm32l4xx_it.o
 .debug_line    0x00000000000039d5      0x75a ./Core/Src/system_stm32l4xx.o
 .debug_line    0x000000000000412f      0x6da ./Core/Src/timer.o
 .debug_line    0x0000000000004809       0x88 ./Core/Startup/startup_stm32l476rgtx.o
 .debug_line    0x0000000000004891      0xab4 ./Drivers/STM32L4xx_HAL_Driver/Src/stm32l4xx_hal.o
 .debug_line    0x0000000000005345      0xc5b ./Drivers/STM32L4xx_HAL_Driver/Src/stm32l4xx_hal_cortex.o
 .debug_line    0x0000000000005fa0      0xca0 ./Drivers/STM32L4xx_HAL_Driver/Src/stm32l4xx_hal_pwr_ex.o
 .debug_line    0x0000000000006c40      0xf2d ./Drivers/STM32L4xx_HAL_Driver/Src/stm32l4xx_hal_rcc.o
 .debug_line    0x0000000000007b6d      0x351 /Users/eduardomunoz/Library/CloudStorage/OneDrive-CalPoly/college/Spring 2023/RTOS/5_FFT_DMA/Drivers/CMSIS/Lib/GCC/libarm_cortexM4lf_math.a(arm_max_q15.o)
 .debug_line    0x0000000000007ebe      0xa15 /Users/eduardomunoz/Library/CloudStorage/OneDrive-CalPoly/college/Spring 2023/RTOS/5_FFT_DMA/Drivers/CMSIS/Lib/GCC/libarm_cortexM4lf_math.a(arm_rfft_q15.o)
 .debug_line    0x00000000000088d3      0x412 /Users/eduardomunoz/Library/CloudStorage/OneDrive-CalPoly/college/Spring 2023/RTOS/5_FFT_DMA/Drivers/CMSIS/Lib/GCC/libarm_cortexM4lf_math.a(arm_rfft_init_q15.o)
 .debug_line    0x0000000000008ce5      0x25a /Users/eduardomunoz/Library/CloudStorage/OneDrive-CalPoly/college/Spring 2023/RTOS/5_FFT_DMA/Drivers/CMSIS/Lib/GCC/libarm_cortexM4lf_math.a(arm_const_structs.o)
 .debug_line    0x0000000000008f3f      0x243 /Users/eduardomunoz/Library/CloudStorage/OneDrive-CalPoly/college/Spring 2023/RTOS/5_FFT_DMA/Drivers/CMSIS/Lib/GCC/libarm_cortexM4lf_math.a(arm_common_tables.o)
 .debug_line    0x0000000000009182      0x7f4 /Users/eduardomunoz/Library/CloudStorage/OneDrive-CalPoly/college/Spring 2023/RTOS/5_FFT_DMA/Drivers/CMSIS/Lib/GCC/libarm_cortexM4lf_math.a(arm_cfft_q15.o)
 .debug_line    0x0000000000009976     0x2870 /Users/eduardomunoz/Library/CloudStorage/OneDrive-CalPoly/college/Spring 2023/RTOS/5_FFT_DMA/Drivers/CMSIS/Lib/GCC/libarm_cortexM4lf_math.a(arm_cfft_radix4_q15.o)
 .debug_line    0x000000000000c1e6      0x353 /Users/eduardomunoz/Library/CloudStorage/OneDrive-CalPoly/college/Spring 2023/RTOS/5_FFT_DMA/Drivers/CMSIS/Lib/GCC/libarm_cortexM4lf_math.a(arm_bitreversal2.o)

.debug_str      0x0000000000000000    0xe5f02
 .debug_str     0x0000000000000000    0xde4a6 ./Core/Src/ADC.o
                                      0xde790 (size before relaxing)
 .debug_str     0x00000000000de4a6     0x4a02 ./Core/Src/DMA.o
                                      0xe3390 (size before relaxing)
 .debug_str     0x00000000000e2ea8       0x2a ./Core/Src/GPIO.o
                                      0xde6e7 (size before relaxing)
 .debug_str     0x00000000000e2ed2      0x1fc ./Core/Src/UART.o
                                      0xe2830 (size before relaxing)
 .debug_str     0x00000000000e30ce     0x103e ./Core/Src/main.o
                                      0xe3de1 (size before relaxing)
 .debug_str     0x00000000000e410c       0x33 ./Core/Src/stm32l4xx_hal_msp.o
                                      0xde6b9 (size before relaxing)
 .debug_str     0x00000000000e413f       0xbd ./Core/Src/stm32l4xx_it.o
                                      0xde5fa (size before relaxing)
 .debug_str     0x00000000000e41fc       0xb8 ./Core/Src/system_stm32l4xx.o
                                      0xde734 (size before relaxing)
 .debug_str     0x00000000000e42b4       0x2a ./Core/Src/timer.o
                                      0xde733 (size before relaxing)
 .debug_str     0x00000000000e42de       0x36 ./Core/Startup/startup_stm32l476rgtx.o
                                         0x99 (size before relaxing)
 .debug_str     0x00000000000e4314      0x5ba ./Drivers/STM32L4xx_HAL_Driver/Src/stm32l4xx_hal.o
                                      0xdf233 (size before relaxing)
 .debug_str     0x00000000000e48ce      0x36d ./Drivers/STM32L4xx_HAL_Driver/Src/stm32l4xx_hal_cortex.o
                                      0xdefa3 (size before relaxing)
 .debug_str     0x00000000000e4c3b      0x536 ./Drivers/STM32L4xx_HAL_Driver/Src/stm32l4xx_hal_pwr_ex.o
                                      0xdeca5 (size before relaxing)
 .debug_str     0x00000000000e5171      0x408 ./Drivers/STM32L4xx_HAL_Driver/Src/stm32l4xx_hal_rcc.o
                                      0xded2e (size before relaxing)
 .debug_str     0x00000000000e5579      0x1e7 /Users/eduardomunoz/Library/CloudStorage/OneDrive-CalPoly/college/Spring 2023/RTOS/5_FFT_DMA/Drivers/CMSIS/Lib/GCC/libarm_cortexM4lf_math.a(arm_max_q15.o)
                                        0x699 (size before relaxing)
 .debug_str     0x00000000000e5760      0x12e /Users/eduardomunoz/Library/CloudStorage/OneDrive-CalPoly/college/Spring 2023/RTOS/5_FFT_DMA/Drivers/CMSIS/Lib/GCC/libarm_cortexM4lf_math.a(arm_rfft_q15.o)
                                        0x850 (size before relaxing)
 .debug_str     0x00000000000e588e       0xee /Users/eduardomunoz/Library/CloudStorage/OneDrive-CalPoly/college/Spring 2023/RTOS/5_FFT_DMA/Drivers/CMSIS/Lib/GCC/libarm_cortexM4lf_math.a(arm_rfft_init_q15.o)
                                       0x1152 (size before relaxing)
 .debug_str     0x00000000000e597c      0x2ff /Users/eduardomunoz/Library/CloudStorage/OneDrive-CalPoly/college/Spring 2023/RTOS/5_FFT_DMA/Drivers/CMSIS/Lib/GCC/libarm_cortexM4lf_math.a(arm_const_structs.o)
                                       0x135c (size before relaxing)
 .debug_str     0x00000000000e5c7b       0x2e /Users/eduardomunoz/Library/CloudStorage/OneDrive-CalPoly/college/Spring 2023/RTOS/5_FFT_DMA/Drivers/CMSIS/Lib/GCC/libarm_cortexM4lf_math.a(arm_common_tables.o)
                                        0xd1d (size before relaxing)
 .debug_str     0x00000000000e5ca9       0xec /Users/eduardomunoz/Library/CloudStorage/OneDrive-CalPoly/college/Spring 2023/RTOS/5_FFT_DMA/Drivers/CMSIS/Lib/GCC/libarm_cortexM4lf_math.a(arm_cfft_q15.o)
                                        0x802 (size before relaxing)
 .debug_str     0x00000000000e5d95      0x112 /Users/eduardomunoz/Library/CloudStorage/OneDrive-CalPoly/college/Spring 2023/RTOS/5_FFT_DMA/Drivers/CMSIS/Lib/GCC/libarm_cortexM4lf_math.a(arm_cfft_radix4_q15.o)
                                        0x860 (size before relaxing)
 .debug_str     0x00000000000e5ea7       0x5b /Users/eduardomunoz/Library/CloudStorage/OneDrive-CalPoly/college/Spring 2023/RTOS/5_FFT_DMA/Drivers/CMSIS/Lib/GCC/libarm_cortexM4lf_math.a(arm_bitreversal2.o)
                                        0xd76 (size before relaxing)

.comment        0x0000000000000000       0xc8
 .comment       0x0000000000000000       0x53 ./Core/Src/ADC.o
                                         0x54 (size before relaxing)
 .comment       0x0000000000000053       0x54 ./Core/Src/DMA.o
 .comment       0x0000000000000053       0x54 ./Core/Src/GPIO.o
 .comment       0x0000000000000053       0x54 ./Core/Src/UART.o
 .comment       0x0000000000000053       0x54 ./Core/Src/main.o
 .comment       0x0000000000000053       0x54 ./Core/Src/stm32l4xx_hal_msp.o
 .comment       0x0000000000000053       0x54 ./Core/Src/stm32l4xx_it.o
 .comment       0x0000000000000053       0x54 ./Core/Src/system_stm32l4xx.o
 .comment       0x0000000000000053       0x54 ./Core/Src/timer.o
 .comment       0x0000000000000053       0x54 ./Drivers/STM32L4xx_HAL_Driver/Src/stm32l4xx_hal.o
 .comment       0x0000000000000053       0x54 ./Drivers/STM32L4xx_HAL_Driver/Src/stm32l4xx_hal_cortex.o
 .comment       0x0000000000000053       0x54 ./Drivers/STM32L4xx_HAL_Driver/Src/stm32l4xx_hal_pwr_ex.o
 .comment       0x0000000000000053       0x54 ./Drivers/STM32L4xx_HAL_Driver/Src/stm32l4xx_hal_rcc.o
 .comment       0x0000000000000053       0x75 /Users/eduardomunoz/Library/CloudStorage/OneDrive-CalPoly/college/Spring 2023/RTOS/5_FFT_DMA/Drivers/CMSIS/Lib/GCC/libarm_cortexM4lf_math.a(arm_max_q15.o)
                                         0x76 (size before relaxing)
 .comment       0x00000000000000c8       0x76 /Users/eduardomunoz/Library/CloudStorage/OneDrive-CalPoly/college/Spring 2023/RTOS/5_FFT_DMA/Drivers/CMSIS/Lib/GCC/libarm_cortexM4lf_math.a(arm_rfft_q15.o)
 .comment       0x00000000000000c8       0x76 /Users/eduardomunoz/Library/CloudStorage/OneDrive-CalPoly/college/Spring 2023/RTOS/5_FFT_DMA/Drivers/CMSIS/Lib/GCC/libarm_cortexM4lf_math.a(arm_rfft_init_q15.o)
 .comment       0x00000000000000c8       0x76 /Users/eduardomunoz/Library/CloudStorage/OneDrive-CalPoly/college/Spring 2023/RTOS/5_FFT_DMA/Drivers/CMSIS/Lib/GCC/libarm_cortexM4lf_math.a(arm_const_structs.o)
 .comment       0x00000000000000c8       0x76 /Users/eduardomunoz/Library/CloudStorage/OneDrive-CalPoly/college/Spring 2023/RTOS/5_FFT_DMA/Drivers/CMSIS/Lib/GCC/libarm_cortexM4lf_math.a(arm_common_tables.o)
 .comment       0x00000000000000c8       0x76 /Users/eduardomunoz/Library/CloudStorage/OneDrive-CalPoly/college/Spring 2023/RTOS/5_FFT_DMA/Drivers/CMSIS/Lib/GCC/libarm_cortexM4lf_math.a(arm_cfft_q15.o)
 .comment       0x00000000000000c8       0x76 /Users/eduardomunoz/Library/CloudStorage/OneDrive-CalPoly/college/Spring 2023/RTOS/5_FFT_DMA/Drivers/CMSIS/Lib/GCC/libarm_cortexM4lf_math.a(arm_cfft_radix4_q15.o)
 .comment       0x00000000000000c8       0x76 /Users/eduardomunoz/Library/CloudStorage/OneDrive-CalPoly/college/Spring 2023/RTOS/5_FFT_DMA/Drivers/CMSIS/Lib/GCC/libarm_cortexM4lf_math.a(arm_bitreversal2.o)

.debug_frame    0x0000000000000000     0x1814
 .debug_frame   0x0000000000000000       0x2c ./Core/Src/ADC.o
 .debug_frame   0x000000000000002c       0xa0 ./Core/Src/DMA.o
 .debug_frame   0x00000000000000cc       0x30 ./Core/Src/GPIO.o
 .debug_frame   0x00000000000000fc       0xa0 ./Core/Src/UART.o
 .debug_frame   0x000000000000019c       0x70 ./Core/Src/main.o
 .debug_frame   0x000000000000020c       0x38 ./Core/Src/stm32l4xx_hal_msp.o
 .debug_frame   0x0000000000000244      0x104 ./Core/Src/stm32l4xx_it.o
 .debug_frame   0x0000000000000348       0x58 ./Core/Src/system_stm32l4xx.o
 .debug_frame   0x00000000000003a0       0x30 ./Core/Src/timer.o
 .debug_frame   0x00000000000003d0      0x498 ./Drivers/STM32L4xx_HAL_Driver/Src/stm32l4xx_hal.o
 .debug_frame   0x0000000000000868      0x498 ./Drivers/STM32L4xx_HAL_Driver/Src/stm32l4xx_hal_cortex.o
 .debug_frame   0x0000000000000d00      0x584 ./Drivers/STM32L4xx_HAL_Driver/Src/stm32l4xx_hal_pwr_ex.o
 .debug_frame   0x0000000000001284      0x21c ./Drivers/STM32L4xx_HAL_Driver/Src/stm32l4xx_hal_rcc.o
 .debug_frame   0x00000000000014a0       0x34 /Users/eduardomunoz/Library/CloudStorage/OneDrive-CalPoly/college/Spring 2023/RTOS/5_FFT_DMA/Drivers/CMSIS/Lib/GCC/libarm_cortexM4lf_math.a(arm_max_q15.o)
 .debug_frame   0x00000000000014d4       0x94 /Users/eduardomunoz/Library/CloudStorage/OneDrive-CalPoly/college/Spring 2023/RTOS/5_FFT_DMA/Drivers/CMSIS/Lib/GCC/libarm_cortexM4lf_math.a(arm_rfft_q15.o)
 .debug_frame   0x0000000000001568       0x38 /Users/eduardomunoz/Library/CloudStorage/OneDrive-CalPoly/college/Spring 2023/RTOS/5_FFT_DMA/Drivers/CMSIS/Lib/GCC/libarm_cortexM4lf_math.a(arm_rfft_init_q15.o)
 .debug_frame   0x00000000000015a0       0xb8 /Users/eduardomunoz/Library/CloudStorage/OneDrive-CalPoly/college/Spring 2023/RTOS/5_FFT_DMA/Drivers/CMSIS/Lib/GCC/libarm_cortexM4lf_math.a(arm_cfft_q15.o)
 .debug_frame   0x0000000000001658       0x94 /Users/eduardomunoz/Library/CloudStorage/OneDrive-CalPoly/college/Spring 2023/RTOS/5_FFT_DMA/Drivers/CMSIS/Lib/GCC/libarm_cortexM4lf_math.a(arm_cfft_radix4_q15.o)
 .debug_frame   0x00000000000016ec       0x5c /Users/eduardomunoz/Library/CloudStorage/OneDrive-CalPoly/college/Spring 2023/RTOS/5_FFT_DMA/Drivers/CMSIS/Lib/GCC/libarm_cortexM4lf_math.a(arm_bitreversal2.o)
 .debug_frame   0x0000000000001748       0x2c /Applications/STM32CubeIDE.app/Contents/Eclipse/plugins/com.st.stm32cube.ide.mcu.externaltools.gnu-tools-for-stm32.9-2020-q2-update.macos64_2.0.0.202105311346/tools/bin/../lib/gcc/arm-none-eabi/9.3.1/../../../../arm-none-eabi/lib/thumb/v7e-m+fp/hard/libc_nano.a(lib_a-init.o)
 .debug_frame   0x0000000000001774       0x38 /Applications/STM32CubeIDE.app/Contents/Eclipse/plugins/com.st.stm32cube.ide.mcu.externaltools.gnu-tools-for-stm32.9-2020-q2-update.macos64_2.0.0.202105311346/tools/bin/../lib/gcc/arm-none-eabi/9.3.1/../../../../arm-none-eabi/lib/thumb/v7e-m+fp/hard/libc_nano.a(lib_a-itoa.o)
 .debug_frame   0x00000000000017ac       0x20 /Applications/STM32CubeIDE.app/Contents/Eclipse/plugins/com.st.stm32cube.ide.mcu.externaltools.gnu-tools-for-stm32.9-2020-q2-update.macos64_2.0.0.202105311346/tools/bin/../lib/gcc/arm-none-eabi/9.3.1/../../../../arm-none-eabi/lib/thumb/v7e-m+fp/hard/libc_nano.a(lib_a-memset.o)
 .debug_frame   0x00000000000017cc       0x48 /Applications/STM32CubeIDE.app/Contents/Eclipse/plugins/com.st.stm32cube.ide.mcu.externaltools.gnu-tools-for-stm32.9-2020-q2-update.macos64_2.0.0.202105311346/tools/bin/../lib/gcc/arm-none-eabi/9.3.1/../../../../arm-none-eabi/lib/thumb/v7e-m+fp/hard/libc_nano.a(lib_a-utoa.o)

.debug_loc      0x0000000000000000     0x69ab
 .debug_loc     0x0000000000000000      0x38f /Users/eduardomunoz/Library/CloudStorage/OneDrive-CalPoly/college/Spring 2023/RTOS/5_FFT_DMA/Drivers/CMSIS/Lib/GCC/libarm_cortexM4lf_math.a(arm_max_q15.o)
 .debug_loc     0x000000000000038f     0x13d9 /Users/eduardomunoz/Library/CloudStorage/OneDrive-CalPoly/college/Spring 2023/RTOS/5_FFT_DMA/Drivers/CMSIS/Lib/GCC/libarm_cortexM4lf_math.a(arm_rfft_q15.o)
 .debug_loc     0x0000000000001768      0x405 /Users/eduardomunoz/Library/CloudStorage/OneDrive-CalPoly/college/Spring 2023/RTOS/5_FFT_DMA/Drivers/CMSIS/Lib/GCC/libarm_cortexM4lf_math.a(arm_rfft_init_q15.o)
 .debug_loc     0x0000000000001b6d     0x122e /Users/eduardomunoz/Library/CloudStorage/OneDrive-CalPoly/college/Spring 2023/RTOS/5_FFT_DMA/Drivers/CMSIS/Lib/GCC/libarm_cortexM4lf_math.a(arm_cfft_q15.o)
 .debug_loc     0x0000000000002d9b     0x3a5d /Users/eduardomunoz/Library/CloudStorage/OneDrive-CalPoly/college/Spring 2023/RTOS/5_FFT_DMA/Drivers/CMSIS/Lib/GCC/libarm_cortexM4lf_math.a(arm_cfft_radix4_q15.o)
 .debug_loc     0x00000000000067f8      0x1b3 /Users/eduardomunoz/Library/CloudStorage/OneDrive-CalPoly/college/Spring 2023/RTOS/5_FFT_DMA/Drivers/CMSIS/Lib/GCC/libarm_cortexM4lf_math.a(arm_bitreversal2.o)
